[2026-04-01T01:11:20.122Z] [debug] [vite] connecting...
[2026-04-01T01:11:20.554Z] [debug] [vite] connected.
[2026-04-01T01:11:21.069Z] [info] %cDownload the React DevTools for a better development experience: https://react.dev/link/react-devtools font-weight:bold
[2026-04-01T01:11:29.799Z] [error] Failed to load resource: the server responded with a status of 500 (Internal Server Error)
[2026-04-01T01:11:29.800Z] [error] Checkout error: SyntaxError: Unexpected token '<', "
        <!DOCTYPE "... is not valid JSON
[2026-04-01T01:17:42.797Z] [debug] [vite] connecting...
[2026-04-01T01:17:42.826Z] [debug] [vite] connected.
[2026-04-01T01:17:42.925Z] [info] %cDownload the React DevTools for a better development experience: https://react.dev/link/react-devtools font-weight:bold
[2026-04-01T01:17:47.329Z] [debug] [vite] connecting...
[2026-04-01T01:17:47.335Z] [debug] [vite] connected.
[2026-04-01T01:17:47.379Z] [info] %cDownload the React DevTools for a better development experience: https://react.dev/link/react-devtools font-weight:bold
[2026-04-01T01:17:47.455Z] [error] Cannot update a component (`%s`) while rendering a different component (`%s`). To locate the bad setState() call inside `%s`, follow the stack trace as described in https://react.dev/link/setstate-in-render BrowserRouter Settings Settings
[2026-04-01T01:19:30.443Z] [debug] [vite] hot updated: /src/react-app/pages/Pricing.tsx
[2026-04-01T01:19:30.443Z] [debug] [vite] hot updated: /src/react-app/index.css
[2026-04-01T01:19:32.652Z] [debug] [vite] hot updated: /src/react-app/pages/Pricing.tsx
[2026-04-01T01:19:32.652Z] [debug] [vite] hot updated: /src/react-app/index.css
[2026-04-01T01:19:33.435Z] [debug] [vite] hot updated: /src/react-app/pages/Pricing.tsx
[2026-04-01T01:19:33.435Z] [debug] [vite] hot updated: /src/react-app/index.css
[2026-04-01T01:19:33.669Z] [debug] [vite] hot updated: /src/react-app/pages/Pricing.tsx
[2026-04-01T01:19:33.669Z] [debug] [vite] hot updated: /src/react-app/index.css
[2026-04-01T01:19:34.121Z] [debug] [vite] hot updated: /src/react-app/pages/Pricing.tsx
[2026-04-01T01:19:34.121Z] [debug] [vite] hot updated: /src/react-app/index.css
[2026-04-01T01:19:40.675Z] [debug] [vite] hot updated: /src/react-app/pages/Pricing.tsx
[2026-04-01T01:19:40.675Z] [debug] [vite] hot updated: /src/react-app/index.css
[2026-04-01T01:19:43.192Z] [debug] [vite] hot updated: /src/react-app/pages/Pricing.tsx
[2026-04-01T01:19:43.192Z] [debug] [vite] hot updated: /src/react-app/index.css
[2026-04-01T01:19:43.218Z] [debug] [vite] hot updated: /src/react-app/pages/Settings.tsx
[2026-04-01T01:19:43.218Z] [debug] [vite] hot updated: /src/react-app/index.css
[2026-04-01T01:20:20.063Z] [debug] [vite] hot updated: /src/react-app/pages/Settings.tsx
[2026-04-01T01:20:20.063Z] [debug] [vite] hot updated: /src/react-app/index.css
[2026-04-01T01:20:20.147Z] [debug] [vite] hot updated: /src/react-app/pages/Settings.tsx
[2026-04-01T01:20:20.147Z] [debug] [vite] hot updated: /src/react-app/index.css
[2026-04-01T01:20:25.034Z] [debug] [vite] connecting...
[2026-04-01T01:20:25.036Z] [debug] [vite] connected.
[2026-04-01T01:20:25.125Z] [info] %cDownload the React DevTools for a better development experience: https://react.dev/link/react-devtools font-weight:bold
[2026-04-01T01:29:23.585Z] [debug] [vite] hot updated: /src/react-app/pages/AITutor.tsx
[2026-04-01T01:29:23.585Z] [debug] [vite] hot updated: /src/react-app/index.css
[2026-04-01T01:29:30.701Z] [debug] [vite] hot updated: /src/react-app/pages/AITutor.tsx
[2026-04-01T01:29:30.701Z] [debug] [vite] hot updated: /src/react-app/index.css
[2026-04-01T01:29:31.084Z] [debug] [vite] connecting...
[2026-04-01T01:29:31.139Z] [debug] [vite] connected.
[2026-04-01T01:29:31.432Z] [info] %cDownload the React DevTools for a better development experience: https://react.dev/link/react-devtools font-weight:bold
[2026-04-01T01:29:36.442Z] [debug] [vite] hot updated: /src/react-app/index.css
[2026-04-01T01:29:36.442Z] [debug] [vite] hot updated: /src/react-app/components/ui/ChatMarkdown.tsx
[2026-04-01T01:29:47.532Z] [debug] [vite] hot updated: /src/react-app/index.css
[2026-04-01T01:29:47.532Z] [debug] [vite] hot updated: /src/react-app/components/feedback/ExplanationChat.tsx
[2026-04-01T01:29:51.899Z] [debug] [vite] hot updated: /src/react-app/index.css
[2026-04-01T01:29:51.899Z] [debug] [vite] hot updated: /src/react-app/components/feedback/ExplanationChat.tsx
[2026-04-01T01:30:01.571Z] [debug] [vite] hot updated: /src/react-app/index.css
[2026-04-01T01:30:01.571Z] [debug] [vite] hot updated: /src/react-app/components/feedback/FeedbackCard.tsx
[2026-04-01T01:30:05.848Z] [debug] [vite] hot updated: /src/react-app/index.css
[2026-04-01T01:30:05.848Z] [debug] [vite] hot updated: /src/react-app/components/feedback/FeedbackCard.tsx
[2026-04-01T01:36:20.071Z] [debug] [vite] connecting...
[2026-04-01T01:36:20.106Z] [debug] [vite] connected.
[2026-04-01T01:36:20.212Z] [info] %cDownload the React DevTools for a better development experience: https://react.dev/link/react-devtools font-weight:bold
[2026-04-01T01:37:32.961Z] [debug] [vite] connecting...
[2026-04-01T01:37:32.963Z] [debug] [vite] connected.
[2026-04-01T01:37:33.268Z] [info] %cDownload the React DevTools for a better development experience: https://react.dev/link/react-devtools font-weight:bold
[2026-04-01T01:37:54.676Z] [debug] [vite] connecting...
[2026-04-01T01:37:54.684Z] [debug] [vite] connected.
[2026-04-01T01:37:54.730Z] [info] %cDownload the React DevTools for a better development experience: https://react.dev/link/react-devtools font-weight:bold
[2026-04-01T01:37:54.827Z] [error] Cannot update a component (`%s`) while rendering a different component (`%s`). To locate the bad setState() call inside `%s`, follow the stack trace as described in https://react.dev/link/setstate-in-render BrowserRouter Settings Settings
[2026-04-01T01:40:24.953Z] [debug] [vite] hot updated: /src/react-app/pages/Login.tsx
[2026-04-01T01:40:24.954Z] [debug] [vite] hot updated: /src/react-app/index.css
[2026-04-01T01:40:32.480Z] [debug] [vite] hot updated: /src/react-app/pages/Login.tsx
[2026-04-01T01:40:32.481Z] [debug] [vite] hot updated: /src/react-app/index.css
[2026-04-01T01:40:39.622Z] [debug] [vite] hot updated: /src/react-app/pages/Pricing.tsx
[2026-04-01T01:40:39.622Z] [debug] [vite] hot updated: /src/react-app/index.css
[2026-04-01T01:41:17.727Z] [debug] [vite] hot updated: /src/react-app/index.css
[2026-04-01T01:41:17.727Z] [debug] [vite] hot updated: /src/react-app/components/layout/AppLayout.tsx
[2026-04-01T01:41:44.480Z] [debug] [vite] hot updated: /src/react-app/pages/Pricing.tsx
[2026-04-01T01:41:44.480Z] [debug] [vite] hot updated: /src/react-app/index.css
[2026-04-01T01:41:55.461Z] [debug] [vite] connecting...
[2026-04-01T01:41:55.504Z] [debug] [vite] connected.
[2026-04-01T01:41:55.605Z] [info] %cDownload the React DevTools for a better development experience: https://react.dev/link/react-devtools font-weight:bold
[2026-04-01T01:42:03.407Z] [debug] [vite] connecting...
[2026-04-01T01:42:03.429Z] [debug] [vite] connected.
[2026-04-01T01:42:03.450Z] [info] %cDownload the React DevTools for a better development experience: https://react.dev/link/react-devtools font-weight:bold
