[2026-04-01T01:11:19.456Z] GET http://localhost:5174/pricing → 200 (262ms, 2233B)
[2026-04-01T01:11:19.727Z] GET http://localhost:5174/@vite/client → 200 (202ms, 178928B)
[2026-04-01T01:11:19.727Z] GET https://fonts.googleapis.com/css2?family=Inter:wght@400;500;600;700;800&display=swap → 200 (99ms, 12535B)
[2026-04-01T01:11:19.727Z] GET http://localhost:5174/src/react-app/main.tsx → 200 (8ms, 2026B)
[2026-04-01T01:11:19.731Z] GET http://localhost:5174/@react-refresh → 200 (7ms, 109802B)
[2026-04-01T01:11:19.737Z] GET http://localhost:5174/node_modules/.vite/deps/react_jsx-dev-runtime.js?v=240bc27f → 200 (9ms, 23490B)
[2026-04-01T01:11:19.737Z] GET http://localhost:5174/node_modules/.vite/deps/react.js?v=240bc27f → 200 (184ms, 1024B)
[2026-04-01T01:11:19.737Z] GET http://localhost:5174/node_modules/.vite/deps/react-dom_client.js?v=240bc27f → 200 (215ms, 892994B)
[2026-04-01T01:11:19.737Z] GET http://localhost:5174/src/react-app/index.css → 200 (583ms, 123197B)
[2026-04-01T01:11:19.737Z] GET http://localhost:5174/src/react-app/App.tsx → 200 (198ms, 17997B)
[2026-04-01T01:11:19.746Z] GET http://localhost:5174/node_modules/.vite/deps/chunk-FAXX4WQY.js?v=240bc27f → 200 (203ms, 53399B)
[2026-04-01T01:11:19.746Z] GET http://localhost:5174/node_modules/.vite/deps/chunk-G3PMV62Z.js?v=240bc27f → 200 (203ms, 7968B)
[2026-04-01T01:11:19.929Z] GET http://localhost:5174/node_modules/vite/dist/client/env.mjs → 200 (188ms, 3478B)
[2026-04-01T01:11:19.938Z] GET http://localhost:5174/node_modules/.vite/deps/react-router.js?v=240bc27f → pending (?ms, ?B)
[2026-04-01T01:11:19.938Z] GET http://localhost:5174/src/react-app/lib/AuthProvider.tsx → pending (?ms, ?B)
[2026-04-01T01:11:19.938Z] GET http://localhost:5174/src/react-app/pages/Landing.tsx → pending (?ms, ?B)
[2026-04-01T01:11:19.938Z] GET http://localhost:5174/src/react-app/pages/Login.tsx → pending (?ms, ?B)
[2026-04-01T01:11:19.938Z] GET http://localhost:5174/src/react-app/pages/AuthCallback.tsx → pending (?ms, ?B)
[2026-04-01T01:11:19.938Z] GET http://localhost:5174/src/react-app/pages/DiagnosticIntro.tsx → pending (?ms, ?B)
[2026-04-01T01:11:19.938Z] GET http://localhost:5174/src/react-app/pages/DiagnosticTest.tsx → pending (?ms, ?B)
[2026-04-01T01:11:19.938Z] GET http://localhost:5174/src/react-app/pages/DiagnosticResults.tsx → pending (?ms, ?B)
[2026-04-01T01:11:19.938Z] GET http://localhost:5174/src/react-app/pages/PracticeSetup.tsx → pending (?ms, ?B)
[2026-04-01T01:11:19.938Z] GET http://localhost:5174/src/react-app/pages/Practice.tsx → pending (?ms, ?B)
[2026-04-01T01:11:19.938Z] GET http://localhost:5174/src/react-app/pages/PracticeSummary.tsx → pending (?ms, ?B)
[2026-04-01T01:11:19.939Z] GET http://localhost:5174/src/react-app/pages/Dashboard.tsx → pending (?ms, ?B)
[2026-04-01T01:11:19.939Z] GET http://localhost:5174/src/react-app/pages/Welcome.tsx → pending (?ms, ?B)
[2026-04-01T01:11:19.939Z] GET http://localhost:5174/src/react-app/pages/Onboarding.tsx → pending (?ms, ?B)
[2026-04-01T01:11:19.947Z] GET http://localhost:5174/src/react-app/pages/Settings.tsx → pending (?ms, ?B)
[2026-04-01T01:11:19.948Z] GET http://localhost:5174/src/react-app/pages/AITutor.tsx → pending (?ms, ?B)
[2026-04-01T01:11:19.948Z] GET http://localhost:5174/src/react-app/pages/Progress.tsx → pending (?ms, ?B)
[2026-04-01T01:11:19.948Z] GET http://localhost:5174/src/react-app/pages/StudyPlan.tsx → pending (?ms, ?B)
[2026-04-01T01:11:19.948Z] GET http://localhost:5174/src/react-app/pages/Pricing.tsx → pending (?ms, ?B)
[2026-04-01T01:11:19.952Z] GET http://localhost:5174/node_modules/.vite/deps/chunk-F4NCUFXK.js?v=240bc27f → pending (?ms, ?B)
[2026-04-01T01:11:20.570Z] GET http://localhost:5174/node_modules/.vite/deps/lucide-react.js?v=240bc27f → 200 (107ms, 894771B)
[2026-04-01T01:11:20.570Z] GET http://localhost:5174/src/react-app/components/ui/button.tsx → 200 (88ms, 10563B)
[2026-04-01T01:11:20.570Z] GET http://localhost:5174/src/data/questions.ts → 200 (86ms, 27896B)
[2026-04-01T01:11:20.570Z] GET http://localhost:5174/src/react-app/lib/utils.ts → 200 (52ms, 738B)
[2026-04-01T01:11:20.574Z] GET http://localhost:5174/src/react-app/components/Logo.tsx → 200 (85ms, 7711B)
[2026-04-01T01:11:20.596Z] GET http://localhost:5174/src/react-app/hooks/useStudentProgress.ts → 200 (64ms, 42076B)
[2026-04-01T01:11:20.599Z] GET http://localhost:5174/src/react-app/components/question/QuestionCard.tsx → 200 (78ms, 27171B)
[2026-04-01T01:11:20.600Z] GET http://localhost:5174/src/react-app/components/feedback/FeedbackCard.tsx → 200 (78ms, 62649B)
[2026-04-01T01:11:20.601Z] GET http://localhost:5174/src/react-app/components/ui/input.tsx → 200 (64ms, 4936B)
[2026-04-01T01:11:20.601Z] GET http://localhost:5174/src/react-app/components/layout/AppLayout.tsx → 200 (76ms, 30975B)
[2026-04-01T01:11:20.608Z] GET http://localhost:5174/src/react-app/lib/supabase.ts → 200 (64ms, 1320B)
[2026-04-01T01:11:20.613Z] GET http://localhost:5174/src/react-app/lib/pdfExport.ts → 200 (66ms, 31189B)
[2026-04-01T01:11:20.622Z] GET http://localhost:5174/node_modules/.vite/deps/clsx.js?v=240bc27f → 200 (69ms, 1157B)
[2026-04-01T01:11:20.623Z] GET http://localhost:5174/node_modules/.vite/deps/tailwind-merge.js?v=240bc27f → 200 (69ms, 99369B)
[2026-04-01T01:11:20.656Z] GET http://localhost:5174/src/data/questions-bank-math-algebra.ts → 200 (107ms, 894152B)
[2026-04-01T01:11:20.657Z] GET http://localhost:5174/src/data/questions-bank-math-advanced.ts → 200 (154ms, 662573B)
[2026-04-01T01:11:20.657Z] GET http://localhost:5174/src/data/questions-bank-math-problem-solving.ts → 200 (172ms, 740716B)
[2026-04-01T01:11:20.657Z] GET http://localhost:5174/src/data/questions-bank-math-geometry.ts → 200 (229ms, 423607B)
[2026-04-01T01:11:20.657Z] GET http://localhost:5174/src/data/questions-bank-rw-information.ts → 200 (290ms, 1291592B)
[2026-04-01T01:11:20.657Z] GET http://localhost:5174/src/data/questions-bank-rw-craft.ts → 200 (190ms, 876557B)
[2026-04-01T01:11:20.657Z] GET http://localhost:5174/src/data/questions-bank-rw-expression.ts → 200 (219ms, 671736B)
[2026-04-01T01:11:20.657Z] GET http://localhost:5174/src/data/questions-bank-rw-conventions.ts → 200 (290ms, 582469B)
[2026-04-01T01:11:20.657Z] GET http://localhost:5174/src/data/questions-practice-test-4.ts → 200 (271ms, 475433B)
[2026-04-01T01:11:20.657Z] GET http://localhost:5174/src/data/questions-practice-test-5.ts → 200 (190ms, 476052B)
[2026-04-01T01:11:20.657Z] GET http://localhost:5174/src/data/questions-practice-test-6.ts → 200 (210ms, 480354B)
[2026-04-01T01:11:20.658Z] GET http://localhost:5174/src/data/questions-practice-test-7.ts → 200 (218ms, 468739B)
[2026-04-01T01:11:20.658Z] GET http://localhost:5174/src/data/questions-practice-test-8.ts → 200 (219ms, 470142B)
[2026-04-01T01:11:20.658Z] GET http://localhost:5174/src/data/questions-practice-test-9.ts → 200 (219ms, 470076B)
[2026-04-01T01:11:20.658Z] GET http://localhost:5174/src/data/questions-practice-test-10.ts → 200 (227ms, 448461B)
[2026-04-01T01:11:20.658Z] GET http://localhost:5174/src/data/questions-practice-test-11.ts → 200 (269ms, 480321B)
[2026-04-01T01:11:20.659Z] GET http://localhost:5174/node_modules/.vite/deps/class-variance-authority.js?v=240bc27f → 200 (269ms, 2345B)
[2026-04-01T01:11:20.659Z] GET http://localhost:5174/node_modules/.vite/deps/radix-ui.js?v=240bc27f → 200 (286ms, 593707B)
[2026-04-01T01:11:20.675Z] GET http://localhost:5174/node_modules/.vite/deps/@supabase_supabase-js.js?v=240bc27f → 200 (270ms, 531317B)
[2026-04-01T01:11:20.679Z] GET http://localhost:5174/src/react-app/components/feedback/ExplanationChat.tsx → 200 (266ms, 71893B)
[2026-04-01T01:11:20.680Z] GET http://localhost:5174/node_modules/.vite/deps/jspdf.js?v=240bc27f → 200 (267ms, 686710B)
[2026-04-01T01:11:20.691Z] GET http://localhost:5174/node_modules/.vite/deps/chunk-U7P2NEEE.js?v=240bc27f → 200 (254ms, 626B)
[2026-04-01T01:11:20.966Z] GET http://localhost:5174/node_modules/.vite/deps/chunk-WQUZVXOW.js?v=240bc27f → 200 (77ms, 23566B)
[2026-04-01T01:11:20.966Z] GET http://localhost:5174/node_modules/.vite/deps/chunk-6WBQ3PW6.js?v=240bc27f → 200 (77ms, 1924B)
[2026-04-01T01:11:20.966Z] GET http://localhost:5174/node_modules/.vite/deps/chunk-D7ZASVPN.js?v=240bc27f → 200 (77ms, 459B)
[2026-04-01T01:11:21.137Z] GET https://019c2e5b-2f20-7a1a-8266-2d41e0797564.mochausercontent.com/tutorzero-icon-square.png → pending (?ms, ?B)
[2026-04-01T01:11:21.137Z] GET https://019c2e5b-2f20-7a1a-8266-2d41e0797564.mochausercontent.com/tutorzero-wordmark-dark.png → pending (?ms, ?B)
[2026-04-01T01:11:21.165Z] GET https://fonts.gstatic.com/s/inter/v20/UcC73FwrK3iLTeHuS_nVMrMxCp50SjIa1ZL7W0Q5nw.woff2 → 200 (147ms, 48432B)
[2026-04-01T01:11:29.751Z] POST http://localhost:5174/api/subscription/checkout → 500 (47ms, 2064B)
[2026-04-01T01:17:42.674Z] GET http://localhost:5174/pricing → 200 (45ms, ?B)
[2026-04-01T01:17:42.768Z] GET http://localhost:5174/@vite/client → 200 (2ms, 178928B)
[2026-04-01T01:17:42.768Z] GET https://fonts.googleapis.com/css2?family=Inter:wght@400;500;600;700;800&display=swap → 200 (1ms, 12535B)
[2026-04-01T01:17:42.769Z] GET http://localhost:5174/src/react-app/main.tsx → 200 (1ms, 2026B)
[2026-04-01T01:17:42.778Z] GET https://fonts.gstatic.com/s/inter/v20/UcC73FwrK3iLTeHuS_nVMrMxCp50SjIa1ZL7W0Q5nw.woff2 → 200 (?ms, ?B)
[2026-04-01T01:17:42.779Z] GET http://localhost:5174/@react-refresh → 200 (13ms, 109802B)
[2026-04-01T01:17:42.779Z] GET http://localhost:5174/node_modules/vite/dist/client/env.mjs → 200 (10ms, 3478B)
[2026-04-01T01:17:42.783Z] GET http://localhost:5174/node_modules/.vite/deps/react_jsx-dev-runtime.js?v=240bc27f → 200 (?ms, 23490B)
[2026-04-01T01:17:42.786Z] GET http://localhost:5174/node_modules/.vite/deps/react.js?v=240bc27f → 200 (?ms, 1024B)
[2026-04-01T01:17:42.786Z] GET http://localhost:5174/node_modules/.vite/deps/react-dom_client.js?v=240bc27f → 200 (?ms, 892994B)
[2026-04-01T01:17:42.787Z] GET http://localhost:5174/src/react-app/index.css → 200 (11ms, 123197B)
[2026-04-01T01:17:42.789Z] GET http://localhost:5174/src/react-app/App.tsx → 200 (11ms, 17997B)
[2026-04-01T01:17:42.789Z] GET http://localhost:5174/node_modules/.vite/deps/chunk-FAXX4WQY.js?v=240bc27f → 200 (?ms, 53399B)
[2026-04-01T01:17:42.791Z] GET http://localhost:5174/node_modules/.vite/deps/chunk-G3PMV62Z.js?v=240bc27f → 200 (?ms, 7968B)
[2026-04-01T01:17:42.791Z] GET http://localhost:5174/node_modules/.vite/deps/chunk-F4NCUFXK.js?v=240bc27f → 200 (?ms, 16214B)
[2026-04-01T01:17:42.800Z] GET http://localhost:5174/node_modules/.vite/deps/react-router.js?v=240bc27f → 200 (?ms, 447255B)
[2026-04-01T01:17:42.801Z] GET http://localhost:5174/src/react-app/lib/AuthProvider.tsx → 200 (25ms, 18141B)
[2026-04-01T01:17:42.801Z] GET http://localhost:5174/src/react-app/pages/Landing.tsx → 200 (25ms, 71557B)
[2026-04-01T01:17:42.801Z] GET http://localhost:5174/src/react-app/pages/Login.tsx → 200 (25ms, 23606B)
[2026-04-01T01:17:42.803Z] GET http://localhost:5174/src/react-app/pages/AuthCallback.tsx → 200 (26ms, 12804B)
[2026-04-01T01:17:42.803Z] GET http://localhost:5174/src/react-app/pages/DiagnosticIntro.tsx → 200 (26ms, 32584B)
[2026-04-01T01:17:42.804Z] GET http://localhost:5174/src/react-app/pages/DiagnosticTest.tsx → 200 (26ms, 37447B)
[2026-04-01T01:17:42.804Z] GET http://localhost:5174/src/react-app/pages/DiagnosticResults.tsx → 200 (26ms, 49784B)
[2026-04-01T01:17:42.804Z] GET http://localhost:5174/src/react-app/pages/PracticeSetup.tsx → 200 (26ms, 37472B)
[2026-04-01T01:17:42.804Z] GET http://localhost:5174/src/react-app/pages/Practice.tsx → 200 (28ms, 107860B)
[2026-04-01T01:17:42.804Z] GET http://localhost:5174/src/react-app/pages/PracticeSummary.tsx → 200 (27ms, 107036B)
[2026-04-01T01:17:42.808Z] GET http://localhost:5174/src/react-app/pages/Dashboard.tsx → 200 (24ms, 52839B)
[2026-04-01T01:17:42.808Z] GET http://localhost:5174/src/react-app/pages/Welcome.tsx → 200 (24ms, 33951B)
[2026-04-01T01:17:42.808Z] GET http://localhost:5174/src/react-app/pages/Onboarding.tsx → 200 (28ms, 58994B)
[2026-04-01T01:17:42.808Z] GET http://localhost:5174/src/react-app/pages/Settings.tsx → 200 (28ms, 131186B)
[2026-04-01T01:17:42.808Z] GET http://localhost:5174/src/react-app/pages/AITutor.tsx → 200 (28ms, 88241B)
[2026-04-01T01:17:42.808Z] GET http://localhost:5174/src/react-app/pages/Progress.tsx → 200 (30ms, 161559B)
[2026-04-01T01:17:42.808Z] GET http://localhost:5174/src/react-app/pages/StudyPlan.tsx → 200 (29ms, 84562B)
[2026-04-01T01:17:42.809Z] GET http://localhost:5174/src/react-app/pages/Pricing.tsx → 200 (27ms, 50564B)
[2026-04-01T01:17:42.846Z] GET http://localhost:5174/src/react-app/lib/supabase.ts → 200 (2ms, 1320B)
[2026-04-01T01:17:42.846Z] GET http://localhost:5174/node_modules/.vite/deps/lucide-react.js?v=240bc27f → 200 (?ms, 894771B)
[2026-04-01T01:17:42.847Z] GET http://localhost:5174/src/react-app/components/ui/button.tsx → 200 (3ms, 10563B)
[2026-04-01T01:17:42.847Z] GET http://localhost:5174/src/react-app/components/Logo.tsx → 200 (7ms, 7711B)
[2026-04-01T01:17:42.847Z] GET http://localhost:5174/src/data/questions.ts → 200 (7ms, 27896B)
[2026-04-01T01:17:42.847Z] GET http://localhost:5174/src/react-app/lib/utils.ts → 200 (7ms, 738B)
[2026-04-01T01:17:42.847Z] GET http://localhost:5174/src/react-app/hooks/useStudentProgress.ts → 200 (9ms, 42076B)
[2026-04-01T01:17:42.847Z] GET http://localhost:5174/src/react-app/components/question/QuestionCard.tsx → 200 (8ms, 27171B)
[2026-04-01T01:17:42.847Z] GET http://localhost:5174/src/react-app/components/feedback/FeedbackCard.tsx → 200 (8ms, 62649B)
[2026-04-01T01:17:42.847Z] GET http://localhost:5174/src/react-app/components/layout/AppLayout.tsx → 200 (8ms, 30975B)
[2026-04-01T01:17:42.847Z] GET http://localhost:5174/src/react-app/components/ui/input.tsx → 200 (8ms, 4936B)
[2026-04-01T01:17:42.847Z] GET http://localhost:5174/src/react-app/lib/pdfExport.ts → 200 (9ms, 31189B)
[2026-04-01T01:17:42.851Z] GET http://localhost:5174/node_modules/.vite/deps/@supabase_supabase-js.js?v=240bc27f → 200 (?ms, 531317B)
[2026-04-01T01:17:42.881Z] GET http://localhost:5174/node_modules/.vite/deps/class-variance-authority.js?v=240bc27f → 200 (1ms, 2345B)
[2026-04-01T01:17:42.883Z] GET http://localhost:5174/node_modules/.vite/deps/radix-ui.js?v=240bc27f → 200 (?ms, 593707B)
[2026-04-01T01:17:42.891Z] GET http://localhost:5174/node_modules/.vite/deps/chunk-6WBQ3PW6.js?v=240bc27f → 200 (?ms, 1924B)
[2026-04-01T01:17:42.892Z] GET http://localhost:5174/src/data/questions-bank-math-algebra.ts → 200 (20ms, 894152B)
[2026-04-01T01:17:42.892Z] GET http://localhost:5174/src/data/questions-bank-math-advanced.ts → 200 (22ms, 662573B)
[2026-04-01T01:17:42.892Z] GET http://localhost:5174/src/data/questions-bank-math-problem-solving.ts → 200 (22ms, 740716B)
[2026-04-01T01:17:42.892Z] GET http://localhost:5174/src/data/questions-bank-math-geometry.ts → 200 (12ms, 423607B)
[2026-04-01T01:17:42.892Z] GET http://localhost:5174/src/data/questions-bank-rw-information.ts → 200 (23ms, 1291592B)
[2026-04-01T01:17:42.892Z] GET http://localhost:5174/src/data/questions-bank-rw-craft.ts → 200 (21ms, 876557B)
[2026-04-01T01:17:42.892Z] GET http://localhost:5174/src/data/questions-bank-rw-expression.ts → 200 (19ms, 671736B)
[2026-04-01T01:17:42.892Z] GET http://localhost:5174/src/data/questions-bank-rw-conventions.ts → 200 (18ms, 582469B)
[2026-04-01T01:17:42.892Z] GET http://localhost:5174/src/data/questions-practice-test-4.ts → 200 (17ms, 475433B)
[2026-04-01T01:17:42.892Z] GET http://localhost:5174/src/data/questions-practice-test-5.ts → 200 (17ms, 476052B)
[2026-04-01T01:17:42.892Z] GET http://localhost:5174/src/data/questions-practice-test-6.ts → 200 (18ms, 480354B)
[2026-04-01T01:17:42.892Z] GET http://localhost:5174/src/data/questions-practice-test-7.ts → 200 (21ms, 468739B)
[2026-04-01T01:17:42.892Z] GET http://localhost:5174/src/data/questions-practice-test-8.ts → 200 (18ms, 470142B)
[2026-04-01T01:17:42.893Z] GET http://localhost:5174/src/data/questions-practice-test-9.ts → 200 (19ms, 470076B)
[2026-04-01T01:17:42.893Z] GET http://localhost:5174/src/data/questions-practice-test-10.ts → 200 (16ms, 448461B)
[2026-04-01T01:17:42.893Z] GET http://localhost:5174/src/data/questions-practice-test-11.ts → 200 (16ms, 480321B)
[2026-04-01T01:17:42.893Z] GET http://localhost:5174/node_modules/.vite/deps/clsx.js?v=240bc27f → 200 (?ms, 1157B)
[2026-04-01T01:17:42.893Z] GET http://localhost:5174/node_modules/.vite/deps/tailwind-merge.js?v=240bc27f → 200 (?ms, 99369B)
[2026-04-01T01:17:42.893Z] GET http://localhost:5174/src/react-app/components/feedback/ExplanationChat.tsx → 200 (17ms, 71893B)
[2026-04-01T01:17:42.893Z] GET http://localhost:5174/node_modules/.vite/deps/jspdf.js?v=240bc27f → 200 (?ms, 686710B)
[2026-04-01T01:17:42.899Z] GET http://localhost:5174/node_modules/.vite/deps/chunk-U7P2NEEE.js?v=240bc27f → 200 (?ms, 626B)
[2026-04-01T01:17:42.899Z] GET http://localhost:5174/node_modules/.vite/deps/chunk-WQUZVXOW.js?v=240bc27f → 200 (?ms, 23566B)
[2026-04-01T01:17:42.900Z] GET http://localhost:5174/node_modules/.vite/deps/chunk-D7ZASVPN.js?v=240bc27f → 200 (?ms, 459B)
[2026-04-01T01:17:43.210Z] GET https://019c2e5b-2f20-7a1a-8266-2d41e0797564.mochausercontent.com/tutorzero-icon-square.png → 200 (?ms, 176731B)
[2026-04-01T01:17:43.210Z] GET https://019c2e5b-2f20-7a1a-8266-2d41e0797564.mochausercontent.com/tutorzero-wordmark-dark.png → 200 (?ms, 32917B)
[2026-04-01T01:17:47.284Z] GET http://localhost:5174/settings → 200 (23ms, 2233B)
[2026-04-01T01:17:47.314Z] GET http://localhost:5174/@vite/client → 304 (3ms, ?B)
[2026-04-01T01:17:47.315Z] GET https://fonts.googleapis.com/css2?family=Inter:wght@400;500;600;700;800&display=swap → 200 (?ms, 12535B)
[2026-04-01T01:17:47.315Z] GET http://localhost:5174/src/react-app/main.tsx → 304 (4ms, ?B)
[2026-04-01T01:17:47.317Z] GET https://fonts.gstatic.com/s/inter/v20/UcC73FwrK3iLTeHuS_nVMrMxCp50SjIa1ZL7W0Q5nw.woff2 → 200 (?ms, ?B)
[2026-04-01T01:17:47.320Z] GET http://localhost:5174/@react-refresh → 304 (7ms, ?B)
[2026-04-01T01:17:47.321Z] GET http://localhost:5174/node_modules/vite/dist/client/env.mjs → 304 (7ms, ?B)
[2026-04-01T01:17:47.321Z] GET http://localhost:5174/node_modules/.vite/deps/react_jsx-dev-runtime.js?v=240bc27f → 200 (1ms, 23490B)
[2026-04-01T01:17:47.322Z] GET http://localhost:5174/node_modules/.vite/deps/react.js?v=240bc27f → 200 (2ms, 1024B)
[2026-04-01T01:17:47.324Z] GET http://localhost:5174/node_modules/.vite/deps/react-dom_client.js?v=240bc27f → 200 (?ms, 892994B)
[2026-04-01T01:17:47.324Z] GET http://localhost:5174/src/react-app/index.css → 304 (5ms, ?B)
[2026-04-01T01:17:47.324Z] GET http://localhost:5174/src/react-app/App.tsx → 304 (6ms, ?B)
[2026-04-01T01:17:47.325Z] GET http://localhost:5174/node_modules/.vite/deps/chunk-FAXX4WQY.js?v=240bc27f → 200 (?ms, 53399B)
[2026-04-01T01:17:47.326Z] GET http://localhost:5174/node_modules/.vite/deps/chunk-G3PMV62Z.js?v=240bc27f → 200 (?ms, 7968B)
[2026-04-01T01:17:47.326Z] GET http://localhost:5174/node_modules/.vite/deps/chunk-F4NCUFXK.js?v=240bc27f → 200 (?ms, 16214B)
[2026-04-01T01:17:47.330Z] GET http://localhost:5174/node_modules/.vite/deps/react-router.js?v=240bc27f → 200 (?ms, 447255B)
[2026-04-01T01:17:47.330Z] GET http://localhost:5174/src/react-app/lib/AuthProvider.tsx → 304 (3ms, ?B)
[2026-04-01T01:17:47.330Z] GET http://localhost:5174/src/react-app/pages/Landing.tsx → 304 (4ms, ?B)
[2026-04-01T01:17:47.331Z] GET http://localhost:5174/src/react-app/pages/Login.tsx → 304 (3ms, ?B)
[2026-04-01T01:17:47.331Z] GET http://localhost:5174/src/react-app/pages/AuthCallback.tsx → 304 (4ms, ?B)
[2026-04-01T01:17:47.331Z] GET http://localhost:5174/src/react-app/pages/DiagnosticIntro.tsx → 304 (4ms, ?B)
[2026-04-01T01:17:47.331Z] GET http://localhost:5174/src/react-app/pages/DiagnosticTest.tsx → 304 (4ms, ?B)
[2026-04-01T01:17:47.331Z] GET http://localhost:5174/src/react-app/pages/DiagnosticResults.tsx → 304 (21ms, ?B)
[2026-04-01T01:17:47.331Z] GET http://localhost:5174/src/react-app/pages/PracticeSetup.tsx → 304 (21ms, ?B)
[2026-04-01T01:17:47.332Z] GET http://localhost:5174/src/react-app/pages/Practice.tsx → 304 (20ms, ?B)
[2026-04-01T01:17:47.332Z] GET http://localhost:5174/src/react-app/pages/PracticeSummary.tsx → 304 (21ms, ?B)
[2026-04-01T01:17:47.332Z] GET http://localhost:5174/src/react-app/pages/Dashboard.tsx → 304 (21ms, ?B)
[2026-04-01T01:17:47.332Z] GET http://localhost:5174/src/react-app/pages/Welcome.tsx → 304 (21ms, ?B)
[2026-04-01T01:17:47.332Z] GET http://localhost:5174/src/react-app/pages/Onboarding.tsx → 304 (21ms, ?B)
[2026-04-01T01:17:47.332Z] GET http://localhost:5174/src/react-app/pages/Settings.tsx → 304 (22ms, ?B)
[2026-04-01T01:17:47.333Z] GET http://localhost:5174/src/react-app/pages/AITutor.tsx → 304 (21ms, ?B)
[2026-04-01T01:17:47.333Z] GET http://localhost:5174/src/react-app/pages/Progress.tsx → 304 (20ms, ?B)
[2026-04-01T01:17:47.333Z] GET http://localhost:5174/src/react-app/pages/StudyPlan.tsx → 304 (21ms, ?B)
[2026-04-01T01:17:47.333Z] GET http://localhost:5174/src/react-app/pages/Pricing.tsx → 304 (21ms, ?B)
[2026-04-01T01:17:47.333Z] GET http://localhost:5174/src/react-app/lib/supabase.ts → 304 (21ms, ?B)
[2026-04-01T01:17:47.334Z] GET http://localhost:5174/src/react-app/components/ui/button.tsx → 304 (26ms, ?B)
[2026-04-01T01:17:47.334Z] GET http://localhost:5174/node_modules/.vite/deps/lucide-react.js?v=240bc27f → 200 (?ms, 894771B)
[2026-04-01T01:17:47.335Z] GET http://localhost:5174/src/react-app/components/Logo.tsx → 304 (25ms, ?B)
[2026-04-01T01:17:47.335Z] GET http://localhost:5174/src/data/questions.ts → 304 (25ms, ?B)
[2026-04-01T01:17:47.335Z] GET http://localhost:5174/src/react-app/lib/utils.ts → 304 (25ms, ?B)
[2026-04-01T01:17:47.368Z] GET http://localhost:5174/src/react-app/hooks/useStudentProgress.ts → 304 (3ms, ?B)
[2026-04-01T01:17:47.368Z] GET http://localhost:5174/src/react-app/components/question/QuestionCard.tsx → 304 (3ms, ?B)
[2026-04-01T01:17:47.368Z] GET http://localhost:5174/src/react-app/components/feedback/FeedbackCard.tsx → 304 (3ms, ?B)
[2026-04-01T01:17:47.368Z] GET http://localhost:5174/src/react-app/components/layout/AppLayout.tsx → 304 (3ms, ?B)
[2026-04-01T01:17:47.368Z] GET http://localhost:5174/src/react-app/lib/pdfExport.ts → 304 (4ms, ?B)
[2026-04-01T01:17:47.368Z] GET http://localhost:5174/src/react-app/components/ui/input.tsx → 304 (6ms, ?B)
[2026-04-01T01:17:47.369Z] GET http://localhost:5174/node_modules/.vite/deps/@supabase_supabase-js.js?v=240bc27f → 200 (?ms, 531317B)
[2026-04-01T01:17:47.369Z] GET http://localhost:5174/node_modules/.vite/deps/class-variance-authority.js?v=240bc27f → 200 (?ms, 2345B)
[2026-04-01T01:17:47.369Z] GET http://localhost:5174/node_modules/.vite/deps/radix-ui.js?v=240bc27f → 200 (?ms, 593707B)
[2026-04-01T01:17:47.369Z] GET http://localhost:5174/src/data/questions-bank-math-algebra.ts → 304 (6ms, ?B)
[2026-04-01T01:17:47.369Z] GET http://localhost:5174/src/data/questions-bank-math-advanced.ts → 304 (6ms, ?B)
[2026-04-01T01:17:47.369Z] GET http://localhost:5174/src/data/questions-bank-math-problem-solving.ts → 304 (6ms, ?B)
[2026-04-01T01:17:47.369Z] GET http://localhost:5174/src/data/questions-bank-math-geometry.ts → 304 (7ms, ?B)
[2026-04-01T01:17:47.369Z] GET http://localhost:5174/src/data/questions-bank-rw-information.ts → 304 (7ms, ?B)
[2026-04-01T01:17:47.370Z] GET http://localhost:5174/src/data/questions-bank-rw-craft.ts → 304 (7ms, ?B)
[2026-04-01T01:17:47.370Z] GET http://localhost:5174/src/data/questions-bank-rw-expression.ts → 304 (7ms, ?B)
[2026-04-01T01:17:47.370Z] GET http://localhost:5174/src/data/questions-bank-rw-conventions.ts → 304 (7ms, ?B)
[2026-04-01T01:17:47.370Z] GET http://localhost:5174/src/data/questions-practice-test-4.ts → 304 (8ms, ?B)
[2026-04-01T01:17:47.370Z] GET http://localhost:5174/src/data/questions-practice-test-5.ts → 304 (8ms, ?B)
[2026-04-01T01:17:47.370Z] GET http://localhost:5174/src/data/questions-practice-test-6.ts → 304 (8ms, ?B)
[2026-04-01T01:17:47.370Z] GET http://localhost:5174/src/data/questions-practice-test-7.ts → 304 (8ms, ?B)
[2026-04-01T01:17:47.370Z] GET http://localhost:5174/src/data/questions-practice-test-8.ts → 304 (8ms, ?B)
[2026-04-01T01:17:47.370Z] GET http://localhost:5174/src/data/questions-practice-test-9.ts → 304 (8ms, ?B)
[2026-04-01T01:17:47.370Z] GET http://localhost:5174/src/data/questions-practice-test-10.ts → 304 (9ms, ?B)
[2026-04-01T01:17:47.370Z] GET http://localhost:5174/src/data/questions-practice-test-11.ts → 304 (8ms, ?B)
[2026-04-01T01:17:47.370Z] GET http://localhost:5174/node_modules/.vite/deps/clsx.js?v=240bc27f → 200 (?ms, 1157B)
[2026-04-01T01:17:47.370Z] GET http://localhost:5174/node_modules/.vite/deps/tailwind-merge.js?v=240bc27f → 200 (?ms, 99369B)
[2026-04-01T01:17:47.370Z] GET http://localhost:5174/node_modules/.vite/deps/chunk-6WBQ3PW6.js?v=240bc27f → 200 (?ms, 1924B)
[2026-04-01T01:17:47.371Z] GET http://localhost:5174/node_modules/.vite/deps/chunk-U7P2NEEE.js?v=240bc27f → 200 (?ms, 626B)
[2026-04-01T01:17:47.371Z] GET http://localhost:5174/node_modules/.vite/deps/chunk-WQUZVXOW.js?v=240bc27f → 200 (?ms, 23566B)
[2026-04-01T01:17:47.371Z] GET http://localhost:5174/src/react-app/components/feedback/ExplanationChat.tsx → 304 (7ms, ?B)
[2026-04-01T01:17:47.372Z] GET http://localhost:5174/node_modules/.vite/deps/jspdf.js?v=240bc27f → 200 (?ms, 686710B)
[2026-04-01T01:17:47.374Z] GET http://localhost:5174/node_modules/.vite/deps/chunk-D7ZASVPN.js?v=240bc27f → 200 (?ms, 459B)
[2026-04-01T01:17:47.458Z] GET https://019c2e5b-2f20-7a1a-8266-2d41e0797564.mochausercontent.com/tutorzero-wordmark-on-dark.png → pending (?ms, ?B)
[2026-04-01T01:19:30.288Z] GET http://localhost:5174/src/react-app/pages/Pricing.tsx?t=1775006370283 → 200 (148ms, 50598B)
[2026-04-01T01:19:30.289Z] GET http://localhost:5174/src/react-app/index.css?t=1775006370283 → 200 (134ms, 122425B)
[2026-04-01T01:19:32.587Z] GET http://localhost:5174/src/react-app/pages/Pricing.tsx?t=1775006372585 → 200 (25ms, 50612B)
[2026-04-01T01:19:32.587Z] GET http://localhost:5174/src/react-app/index.css?t=1775006372585 → 200 (65ms, 122425B)
[2026-04-01T01:19:33.385Z] GET http://localhost:5174/src/react-app/pages/Pricing.tsx?t=1775006373385 → 200 (18ms, 50612B)
[2026-04-01T01:19:33.385Z] GET http://localhost:5174/src/react-app/index.css?t=1775006373385 → 200 (50ms, 122425B)
[2026-04-01T01:19:33.623Z] GET http://localhost:5174/src/react-app/pages/Pricing.tsx?t=1775006373622 → 200 (12ms, 50612B)
[2026-04-01T01:19:33.623Z] GET http://localhost:5174/src/react-app/index.css?t=1775006373622 → 200 (45ms, 122425B)
[2026-04-01T01:19:34.073Z] GET http://localhost:5174/src/react-app/pages/Pricing.tsx?t=1775006374072 → 200 (47ms, 50612B)
[2026-04-01T01:19:34.073Z] GET http://localhost:5174/src/react-app/index.css?t=1775006374072 → 200 (42ms, 122425B)
[2026-04-01T01:19:40.621Z] GET http://localhost:5174/src/react-app/pages/Pricing.tsx?t=1775006380619 → 200 (18ms, 50612B)
[2026-04-01T01:19:40.621Z] GET http://localhost:5174/src/react-app/index.css?t=1775006380619 → 200 (54ms, 122425B)
[2026-04-01T01:19:43.142Z] GET http://localhost:5174/src/react-app/pages/Pricing.tsx?t=1775006383142 → 200 (12ms, 50612B)
[2026-04-01T01:19:43.142Z] GET http://localhost:5174/src/react-app/index.css?t=1775006383142 → 200 (48ms, 122506B)
[2026-04-01T01:19:43.192Z] GET http://localhost:5174/src/react-app/pages/Settings.tsx?t=1775006383145 → 200 (25ms, 131192B)
[2026-04-01T01:19:43.192Z] GET http://localhost:5174/src/react-app/index.css?t=1775006383145 → 200 (2ms, 122506B)
[2026-04-01T01:20:19.997Z] GET http://localhost:5174/src/react-app/pages/Settings.tsx?t=1775006419995 → 200 (26ms, 131192B)
[2026-04-01T01:20:19.997Z] GET http://localhost:5174/src/react-app/index.css?t=1775006419995 → 200 (65ms, 122506B)
[2026-04-01T01:20:20.095Z] GET http://localhost:5174/src/react-app/pages/Settings.tsx?t=1775006420095 → 200 (52ms, 131192B)
[2026-04-01T01:20:20.095Z] GET http://localhost:5174/src/react-app/index.css?t=1775006420095 → 200 (47ms, 122506B)
[2026-04-01T01:20:24.991Z] GET http://localhost:5174/pricing → 200 (24ms, 2249B)
[2026-04-01T01:20:25.019Z] GET http://localhost:5174/@vite/client → 200 (9ms, 178928B)
[2026-04-01T01:20:25.023Z] GET https://fonts.googleapis.com/css2?family=Inter:wght@400;500;600;700;800&display=swap → 200 (?ms, 12535B)
[2026-04-01T01:20:25.023Z] GET http://localhost:5174/src/react-app/main.tsx?t=1775006420095 → 200 (1ms, 2058B)
[2026-04-01T01:20:25.024Z] GET http://localhost:5174/@react-refresh → 200 (6ms, 109802B)
[2026-04-01T01:20:25.025Z] GET http://localhost:5174/node_modules/.vite/deps/react_jsx-dev-runtime.js?v=240bc27f → 200 (?ms, 23490B)
[2026-04-01T01:20:25.025Z] GET http://localhost:5174/node_modules/.vite/deps/react.js?v=240bc27f → 200 (?ms, 1024B)
[2026-04-01T01:20:25.026Z] GET http://localhost:5174/node_modules/.vite/deps/react-dom_client.js?v=240bc27f → 200 (?ms, 892994B)
[2026-04-01T01:20:25.026Z] GET http://localhost:5174/src/react-app/index.css?t=1775006420095 → 304 (4ms, ?B)
[2026-04-01T01:20:25.027Z] GET http://localhost:5174/src/react-app/App.tsx?t=1775006420095 → 200 (3ms, 18029B)
[2026-04-01T01:20:25.027Z] GET http://localhost:5174/node_modules/.vite/deps/chunk-FAXX4WQY.js?v=240bc27f → 200 (?ms, 53399B)
[2026-04-01T01:20:25.027Z] GET http://localhost:5174/node_modules/.vite/deps/chunk-G3PMV62Z.js?v=240bc27f → 200 (?ms, 7968B)
[2026-04-01T01:20:25.028Z] GET http://localhost:5174/node_modules/.vite/deps/chunk-F4NCUFXK.js?v=240bc27f → 200 (?ms, 16214B)
[2026-04-01T01:20:25.029Z] GET http://localhost:5174/node_modules/vite/dist/client/env.mjs → 200 (5ms, 3478B)
[2026-04-01T01:20:25.029Z] GET https://fonts.gstatic.com/s/inter/v20/UcC73FwrK3iLTeHuS_nVMrMxCp50SjIa1ZL7W0Q5nw.woff2 → 200 (?ms, ?B)
[2026-04-01T01:20:25.030Z] GET http://localhost:5174/node_modules/.vite/deps/react-router.js?v=240bc27f → 200 (1ms, 447255B)
[2026-04-01T01:20:25.031Z] GET http://localhost:5174/src/react-app/lib/AuthProvider.tsx → 200 (3ms, 18141B)
[2026-04-01T01:20:25.031Z] GET http://localhost:5174/src/react-app/pages/Landing.tsx → 200 (4ms, 71557B)
[2026-04-01T01:20:25.031Z] GET http://localhost:5174/src/react-app/pages/Login.tsx → 200 (4ms, 23606B)
[2026-04-01T01:20:25.031Z] GET http://localhost:5174/src/react-app/pages/AuthCallback.tsx → 200 (9ms, 12804B)
[2026-04-01T01:20:25.031Z] GET http://localhost:5174/src/react-app/pages/DiagnosticIntro.tsx → 200 (9ms, 32584B)
[2026-04-01T01:20:25.032Z] GET http://localhost:5174/src/react-app/pages/DiagnosticTest.tsx → 200 (4ms, 37447B)
[2026-04-01T01:20:25.032Z] GET http://localhost:5174/src/react-app/pages/DiagnosticResults.tsx → 200 (7ms, 49784B)
[2026-04-01T01:20:25.032Z] GET http://localhost:5174/src/react-app/pages/PracticeSetup.tsx → 200 (22ms, 37472B)
[2026-04-01T01:20:25.032Z] GET http://localhost:5174/src/react-app/pages/Practice.tsx → 200 (22ms, 107860B)
[2026-04-01T01:20:25.032Z] GET http://localhost:5174/src/react-app/pages/PracticeSummary.tsx → 200 (25ms, 107036B)
[2026-04-01T01:20:25.032Z] GET http://localhost:5174/src/react-app/pages/Dashboard.tsx → 200 (24ms, 52839B)
[2026-04-01T01:20:25.033Z] GET http://localhost:5174/src/react-app/pages/Welcome.tsx → 200 (23ms, 33951B)
[2026-04-01T01:20:25.033Z] GET http://localhost:5174/src/react-app/pages/Onboarding.tsx → 200 (23ms, 58994B)
[2026-04-01T01:20:25.033Z] GET http://localhost:5174/src/react-app/pages/Settings.tsx?t=1775006420095 → 304 (21ms, ?B)
[2026-04-01T01:20:25.033Z] GET http://localhost:5174/src/react-app/pages/AITutor.tsx → 200 (25ms, 88241B)
[2026-04-01T01:20:25.033Z] GET http://localhost:5174/src/react-app/pages/Progress.tsx → 200 (25ms, 161559B)
[2026-04-01T01:20:25.033Z] GET http://localhost:5174/src/react-app/pages/StudyPlan.tsx → 200 (25ms, 84562B)
[2026-04-01T01:20:25.034Z] GET http://localhost:5174/src/react-app/pages/Pricing.tsx?t=1775006383142 → 304 (22ms, ?B)
[2026-04-01T01:20:25.035Z] GET http://localhost:5174/src/react-app/lib/supabase.ts → 200 (23ms, 1320B)
[2026-04-01T01:20:25.035Z] GET http://localhost:5174/node_modules/.vite/deps/lucide-react.js?v=240bc27f → 200 (?ms, 894771B)
[2026-04-01T01:20:25.035Z] GET http://localhost:5174/src/react-app/components/ui/button.tsx → 200 (23ms, 10563B)
[2026-04-01T01:20:25.037Z] GET http://localhost:5174/src/data/questions.ts → 200 (21ms, 27896B)
[2026-04-01T01:20:25.037Z] GET http://localhost:5174/src/react-app/lib/utils.ts → 200 (21ms, 738B)
[2026-04-01T01:20:25.040Z] GET http://localhost:5174/src/react-app/hooks/useStudentProgress.ts → 200 (19ms, 42076B)
[2026-04-01T01:20:25.054Z] GET http://localhost:5174/src/react-app/components/Logo.tsx → 200 (18ms, 7711B)
[2026-04-01T01:20:25.072Z] GET http://localhost:5174/src/react-app/components/ui/input.tsx → 200 (30ms, 4936B)
[2026-04-01T01:20:25.072Z] GET http://localhost:5174/src/react-app/components/layout/AppLayout.tsx → 200 (36ms, 30975B)
[2026-04-01T01:20:25.072Z] GET http://localhost:5174/src/react-app/components/question/QuestionCard.tsx → 200 (36ms, 27171B)
[2026-04-01T01:20:25.072Z] GET http://localhost:5174/src/react-app/components/feedback/FeedbackCard.tsx → 200 (36ms, 62649B)
[2026-04-01T01:20:25.072Z] GET http://localhost:5174/node_modules/.vite/deps/@supabase_supabase-js.js?v=240bc27f → 200 (?ms, 531317B)
[2026-04-01T01:20:25.073Z] GET http://localhost:5174/node_modules/.vite/deps/class-variance-authority.js?v=240bc27f → 200 (?ms, 2345B)
[2026-04-01T01:20:25.073Z] GET http://localhost:5174/node_modules/.vite/deps/radix-ui.js?v=240bc27f → 200 (?ms, 593707B)
[2026-04-01T01:20:25.073Z] GET http://localhost:5174/node_modules/.vite/deps/clsx.js?v=240bc27f → 200 (1ms, 1157B)
[2026-04-01T01:20:25.074Z] GET http://localhost:5174/node_modules/.vite/deps/tailwind-merge.js?v=240bc27f → 200 (?ms, 99369B)
[2026-04-01T01:20:25.074Z] GET http://localhost:5174/src/data/questions-bank-math-algebra.ts → 200 (49ms, 894152B)
[2026-04-01T01:20:25.074Z] GET http://localhost:5174/src/data/questions-bank-math-advanced.ts → 200 (47ms, 662573B)
[2026-04-01T01:20:25.074Z] GET http://localhost:5174/src/data/questions-bank-math-problem-solving.ts → 200 (48ms, 740716B)
[2026-04-01T01:20:25.074Z] GET http://localhost:5174/src/data/questions-bank-math-geometry.ts → 200 (47ms, 423607B)
[2026-04-01T01:20:25.075Z] GET http://localhost:5174/src/data/questions-bank-rw-information.ts → 200 (49ms, 1291592B)
[2026-04-01T01:20:25.075Z] GET http://localhost:5174/src/data/questions-bank-rw-craft.ts → 200 (49ms, 876557B)
[2026-04-01T01:20:25.075Z] GET http://localhost:5174/src/data/questions-bank-rw-expression.ts → 200 (47ms, 671736B)
[2026-04-01T01:20:25.075Z] GET http://localhost:5174/src/data/questions-bank-rw-conventions.ts → 200 (48ms, 582469B)
[2026-04-01T01:20:25.084Z] GET http://localhost:5174/src/data/questions-practice-test-4.ts → 200 (38ms, 475433B)
[2026-04-01T01:20:25.084Z] GET http://localhost:5174/src/data/questions-practice-test-5.ts → 200 (39ms, 476052B)
[2026-04-01T01:20:25.085Z] GET http://localhost:5174/src/data/questions-practice-test-6.ts → 200 (38ms, 480354B)
[2026-04-01T01:20:25.085Z] GET http://localhost:5174/src/data/questions-practice-test-7.ts → 200 (37ms, 468739B)
[2026-04-01T01:20:25.085Z] GET http://localhost:5174/src/data/questions-practice-test-8.ts → 200 (37ms, 470142B)
[2026-04-01T01:20:25.085Z] GET http://localhost:5174/src/data/questions-practice-test-9.ts → 200 (37ms, 470076B)
[2026-04-01T01:20:25.085Z] GET http://localhost:5174/src/data/questions-practice-test-10.ts → 200 (37ms, 448461B)
[2026-04-01T01:20:25.087Z] GET http://localhost:5174/src/data/questions-practice-test-11.ts → 200 (36ms, 480321B)
[2026-04-01T01:20:25.087Z] GET http://localhost:5174/src/react-app/lib/pdfExport.ts → 200 (33ms, 31189B)
[2026-04-01T01:20:25.101Z] GET http://localhost:5174/node_modules/.vite/deps/chunk-6WBQ3PW6.js?v=240bc27f → 200 (?ms, 1924B)
[2026-04-01T01:20:25.102Z] GET http://localhost:5174/node_modules/.vite/deps/chunk-U7P2NEEE.js?v=240bc27f → 200 (?ms, 626B)
[2026-04-01T01:20:25.102Z] GET http://localhost:5174/node_modules/.vite/deps/chunk-WQUZVXOW.js?v=240bc27f → 200 (?ms, 23566B)
[2026-04-01T01:20:25.121Z] GET http://localhost:5174/src/react-app/components/feedback/ExplanationChat.tsx → 200 (4ms, 71893B)
[2026-04-01T01:20:25.125Z] GET http://localhost:5174/node_modules/.vite/deps/jspdf.js?v=240bc27f → 200 (?ms, 686710B)
[2026-04-01T01:20:25.125Z] GET http://localhost:5174/node_modules/.vite/deps/chunk-D7ZASVPN.js?v=240bc27f → 200 (?ms, 459B)
[2026-04-01T01:20:25.375Z] GET https://019c2e5b-2f20-7a1a-8266-2d41e0797564.mochausercontent.com/tutorzero-icon-square.png → 200 (8ms, 176731B)
[2026-04-01T01:20:25.375Z] GET https://019c2e5b-2f20-7a1a-8266-2d41e0797564.mochausercontent.com/tutorzero-wordmark-dark.png → 200 (9ms, 32917B)
[2026-04-01T01:29:23.412Z] GET http://localhost:5174/src/react-app/pages/AITutor.tsx?t=1775006963358 → 200 (111ms, 88337B)
[2026-04-01T01:29:23.413Z] GET http://localhost:5174/src/react-app/index.css?t=1775006963358 → 200 (148ms, 122811B)
[2026-04-01T01:29:29.990Z] GET http://localhost:5174/src/react-app/pages/AITutor.tsx?t=1775006969990 → 200 (30ms, 89618B)
[2026-04-01T01:29:29.990Z] GET http://localhost:5174/src/react-app/index.css?t=1775006969990 → 200 (66ms, 122811B)
[2026-04-01T01:29:30.021Z] GET http://localhost:5174/src/react-app/components/ui/ChatMarkdown.tsx → 200 (42ms, 11210B)
[2026-04-01T01:29:30.063Z] GET http://localhost:5174/node_modules/.vite/deps/react-markdown.js?v=660d7ce6 → pending (?ms, ?B)
[2026-04-01T01:29:30.678Z] GET http://localhost:5174/node_modules/.vite/deps/chunk-WQUZVXOW.js?v=83ec516e → 200 (10ms, 23566B)
[2026-04-01T01:29:30.678Z] GET http://localhost:5174/node_modules/.vite/deps/chunk-FAXX4WQY.js?v=83ec516e → 200 (10ms, 53399B)
[2026-04-01T01:29:30.678Z] GET http://localhost:5174/node_modules/.vite/deps/chunk-G3PMV62Z.js?v=83ec516e → 200 (10ms, 7968B)
[2026-04-01T01:29:30.739Z] GET http://localhost:5174/pricing → 200 (35ms, 2249B)
[2026-04-01T01:29:30.812Z] GET http://localhost:5174/@vite/client → 200 (198ms, 178928B)
[2026-04-01T01:29:30.812Z] GET https://fonts.googleapis.com/css2?family=Inter:wght@400;500;600;700;800&display=swap → 200 (1ms, 12535B)
[2026-04-01T01:29:30.813Z] GET http://localhost:5174/src/react-app/main.tsx?t=1775006969990 → 200 (31ms, 2058B)
[2026-04-01T01:29:30.822Z] GET http://localhost:5174/@react-refresh → 200 (23ms, 109802B)
[2026-04-01T01:29:30.829Z] GET https://fonts.gstatic.com/s/inter/v20/UcC73FwrK3iLTeHuS_nVMrMxCp50SjIa1ZL7W0Q5nw.woff2 → 200 (?ms, ?B)
[2026-04-01T01:29:30.845Z] GET http://localhost:5174/node_modules/.vite/deps/react_jsx-dev-runtime.js?v=83ec516e → 200 (8ms, 23490B)
[2026-04-01T01:29:30.845Z] GET http://localhost:5174/node_modules/.vite/deps/react.js?v=83ec516e → 200 (9ms, 1024B)
[2026-04-01T01:29:30.845Z] GET http://localhost:5174/node_modules/.vite/deps/react-dom_client.js?v=83ec516e → 200 (213ms, 892994B)
[2026-04-01T01:29:30.845Z] GET http://localhost:5174/src/react-app/index.css?t=1775006969990 → 304 (208ms, ?B)
[2026-04-01T01:29:30.845Z] GET http://localhost:5174/src/react-app/App.tsx?t=1775006969990 → 200 (201ms, 18045B)
[2026-04-01T01:29:30.854Z] GET http://localhost:5174/node_modules/.vite/deps/chunk-FAXX4WQY.js?v=83ec516e → 200 (?ms, 53399B)
[2026-04-01T01:29:30.854Z] GET http://localhost:5174/node_modules/.vite/deps/chunk-G3PMV62Z.js?v=83ec516e → 200 (?ms, 7968B)
[2026-04-01T01:29:31.011Z] GET http://localhost:5174/node_modules/vite/dist/client/env.mjs → 200 (73ms, 3478B)
[2026-04-01T01:29:31.047Z] GET http://localhost:5174/node_modules/.vite/deps/react-router.js?v=83ec516e → 200 (54ms, 447255B)
[2026-04-01T01:29:31.047Z] GET http://localhost:5174/src/react-app/lib/AuthProvider.tsx → 200 (12ms, 18141B)
[2026-04-01T01:29:31.047Z] GET http://localhost:5174/src/react-app/pages/Landing.tsx → 200 (36ms, 71557B)
[2026-04-01T01:29:31.047Z] GET http://localhost:5174/src/react-app/pages/Login.tsx → 200 (36ms, 23606B)
[2026-04-01T01:29:31.047Z] GET http://localhost:5174/src/react-app/pages/AuthCallback.tsx → 200 (36ms, 12804B)
[2026-04-01T01:29:31.047Z] GET http://localhost:5174/src/react-app/pages/DiagnosticIntro.tsx → 200 (36ms, 32584B)
[2026-04-01T01:29:31.048Z] GET http://localhost:5174/src/react-app/pages/DiagnosticTest.tsx → 200 (65ms, 37447B)
[2026-04-01T01:29:31.048Z] GET http://localhost:5174/src/react-app/pages/DiagnosticResults.tsx → 200 (65ms, 49784B)
[2026-04-01T01:29:31.048Z] GET http://localhost:5174/src/react-app/pages/PracticeSetup.tsx → 200 (65ms, 37472B)
[2026-04-01T01:29:31.048Z] GET http://localhost:5174/src/react-app/pages/Practice.tsx → 200 (65ms, 107860B)
[2026-04-01T01:29:31.048Z] GET http://localhost:5174/src/react-app/pages/PracticeSummary.tsx → 200 (78ms, 107036B)
[2026-04-01T01:29:31.048Z] GET http://localhost:5174/src/react-app/pages/Dashboard.tsx → 200 (85ms, 52839B)
[2026-04-01T01:29:31.048Z] GET http://localhost:5174/src/react-app/pages/Welcome.tsx → 200 (80ms, 33951B)
[2026-04-01T01:29:31.048Z] GET http://localhost:5174/src/react-app/pages/Onboarding.tsx → 200 (83ms, 58994B)
[2026-04-01T01:29:31.048Z] GET http://localhost:5174/src/react-app/pages/Settings.tsx?t=1775006420095 → 200 (85ms, 131192B)
[2026-04-01T01:29:31.048Z] GET http://localhost:5174/src/react-app/pages/AITutor.tsx?t=1775006969990 → 200 (84ms, 89618B)
[2026-04-01T01:29:31.048Z] GET http://localhost:5174/src/react-app/pages/Progress.tsx → 200 (92ms, 161559B)
[2026-04-01T01:29:31.048Z] GET http://localhost:5174/src/react-app/pages/StudyPlan.tsx → 200 (91ms, 84562B)
[2026-04-01T01:29:31.048Z] GET http://localhost:5174/src/react-app/pages/Pricing.tsx?t=1775006383142 → 200 (92ms, 50612B)
[2026-04-01T01:29:31.059Z] GET http://localhost:5174/node_modules/.vite/deps/chunk-F4NCUFXK.js?v=83ec516e → 200 (81ms, 16214B)
[2026-04-01T01:29:31.059Z] GET http://localhost:5174/src/react-app/lib/supabase.ts → 200 (81ms, 1320B)
[2026-04-01T01:29:31.084Z] GET http://localhost:5174/src/react-app/components/ui/button.tsx → 200 (63ms, 10563B)
[2026-04-01T01:29:31.084Z] GET http://localhost:5174/node_modules/.vite/deps/lucide-react.js?v=83ec516e → 200 (102ms, 894771B)
[2026-04-01T01:29:31.084Z] GET http://localhost:5174/src/react-app/components/Logo.tsx → 200 (64ms, 7711B)
[2026-04-01T01:29:31.114Z] GET http://localhost:5174/src/data/questions.ts → 200 (35ms, 27896B)
[2026-04-01T01:29:31.114Z] GET http://localhost:5174/src/react-app/hooks/useStudentProgress.ts → 200 (36ms, 42076B)
[2026-04-01T01:29:31.114Z] GET http://localhost:5174/src/react-app/lib/utils.ts → 200 (36ms, 738B)
[2026-04-01T01:29:31.127Z] GET http://localhost:5174/src/react-app/components/question/QuestionCard.tsx → 200 (51ms, 27171B)
[2026-04-01T01:29:31.127Z] GET http://localhost:5174/src/react-app/components/feedback/FeedbackCard.tsx → 200 (52ms, 62649B)
[2026-04-01T01:29:31.134Z] GET http://localhost:5174/src/react-app/components/layout/AppLayout.tsx → 200 (45ms, 30975B)
[2026-04-01T01:29:31.134Z] GET http://localhost:5174/src/react-app/components/ui/ChatMarkdown.tsx → 200 (45ms, 11210B)
[2026-04-01T01:29:31.134Z] GET http://localhost:5174/src/react-app/components/ui/input.tsx → 200 (46ms, 4936B)
[2026-04-01T01:29:31.140Z] GET http://localhost:5174/node_modules/.vite/deps/@supabase_supabase-js.js?v=83ec516e → 200 (82ms, 531317B)
[2026-04-01T01:29:31.140Z] GET http://localhost:5174/src/react-app/lib/pdfExport.ts → 200 (73ms, 31189B)
[2026-04-01T01:29:31.148Z] GET http://localhost:5174/node_modules/.vite/deps/class-variance-authority.js?v=83ec516e → 200 (64ms, 2345B)
[2026-04-01T01:29:31.148Z] GET http://localhost:5174/node_modules/.vite/deps/radix-ui.js?v=83ec516e → 200 (93ms, 593707B)
[2026-04-01T01:29:31.149Z] GET http://localhost:5174/src/data/questions-bank-math-algebra.ts → 200 (156ms, ?B)
[2026-04-01T01:29:31.149Z] GET http://localhost:5174/src/data/questions-bank-math-advanced.ts → 200 (155ms, 662573B)
[2026-04-01T01:29:31.149Z] GET http://localhost:5174/src/data/questions-bank-math-problem-solving.ts → 200 (120ms, 740716B)
[2026-04-01T01:29:31.149Z] GET http://localhost:5174/src/data/questions-bank-math-geometry.ts → 200 (108ms, 423607B)
[2026-04-01T01:29:31.149Z] GET http://localhost:5174/src/data/questions-bank-rw-information.ts → pending (?ms, ?B)
[2026-04-01T01:29:31.149Z] GET http://localhost:5174/src/data/questions-bank-rw-craft.ts → 200 (155ms, 876557B)
[2026-04-01T01:29:31.150Z] GET http://localhost:5174/src/data/questions-bank-rw-expression.ts → 200 (155ms, ?B)
[2026-04-01T01:29:31.150Z] GET http://localhost:5174/src/data/questions-bank-rw-conventions.ts → 200 (120ms, 582469B)
[2026-04-01T01:29:31.150Z] GET http://localhost:5174/src/data/questions-practice-test-4.ts → 200 (155ms, ?B)
[2026-04-01T01:29:31.150Z] GET http://localhost:5174/src/data/questions-practice-test-5.ts → pending (?ms, ?B)
[2026-04-01T01:29:31.150Z] GET http://localhost:5174/src/data/questions-practice-test-6.ts → 200 (155ms, ?B)
[2026-04-01T01:29:31.150Z] GET http://localhost:5174/src/data/questions-practice-test-7.ts → 200 (155ms, ?B)
[2026-04-01T01:29:31.150Z] GET http://localhost:5174/src/data/questions-practice-test-8.ts → pending (?ms, ?B)
[2026-04-01T01:29:31.150Z] GET http://localhost:5174/src/data/questions-practice-test-9.ts → pending (?ms, ?B)
[2026-04-01T01:29:31.150Z] GET http://localhost:5174/src/data/questions-practice-test-10.ts → pending (?ms, ?B)
[2026-04-01T01:29:31.150Z] GET http://localhost:5174/src/data/questions-practice-test-11.ts → pending (?ms, ?B)
[2026-04-01T01:29:31.151Z] GET http://localhost:5174/node_modules/.vite/deps/clsx.js?v=83ec516e → 200 (121ms, 1157B)
[2026-04-01T01:29:31.151Z] GET http://localhost:5174/node_modules/.vite/deps/tailwind-merge.js?v=83ec516e → 200 (153ms, 99369B)
[2026-04-01T01:29:31.180Z] GET http://localhost:5174/src/react-app/components/feedback/ExplanationChat.tsx → pending (?ms, ?B)
[2026-04-01T01:29:31.180Z] GET http://localhost:5174/node_modules/.vite/deps/react-markdown.js?v=83ec516e → pending (?ms, ?B)
[2026-04-01T01:29:31.213Z] GET http://localhost:5174/node_modules/.vite/deps/chunk-U7P2NEEE.js?v=83ec516e → pending (?ms, ?B)
[2026-04-01T01:29:31.213Z] GET http://localhost:5174/node_modules/.vite/deps/jspdf.js?v=83ec516e → pending (?ms, ?B)
[2026-04-01T01:29:31.222Z] GET http://localhost:5174/node_modules/.vite/deps/chunk-6WBQ3PW6.js?v=83ec516e → pending (?ms, ?B)
[2026-04-01T01:29:31.241Z] GET http://localhost:5174/node_modules/.vite/deps/chunk-WQUZVXOW.js?v=83ec516e → 200 (?ms, 23566B)
[2026-04-01T01:29:31.403Z] GET http://localhost:5174/node_modules/.vite/deps/chunk-D7ZASVPN.js?v=83ec516e → 200 (?ms, 459B)
[2026-04-01T01:29:31.609Z] GET https://019c2e5b-2f20-7a1a-8266-2d41e0797564.mochausercontent.com/tutorzero-icon-square.png → 200 (?ms, 176731B)
[2026-04-01T01:29:31.609Z] GET https://019c2e5b-2f20-7a1a-8266-2d41e0797564.mochausercontent.com/tutorzero-wordmark-dark.png → 200 (?ms, 32917B)
[2026-04-01T01:29:36.371Z] GET http://localhost:5174/src/react-app/index.css?t=1775006976355 → 200 (61ms, 122811B)
[2026-04-01T01:29:36.372Z] GET http://localhost:5174/src/react-app/components/ui/ChatMarkdown.tsx?t=1775006976355 → 200 (69ms, 11210B)
[2026-04-01T01:29:47.440Z] GET http://localhost:5174/src/react-app/index.css?t=1775006987430 → 200 (92ms, 122811B)
[2026-04-01T01:29:47.440Z] GET http://localhost:5174/src/react-app/components/feedback/ExplanationChat.tsx?t=1775006987430 → 200 (52ms, 71993B)
[2026-04-01T01:29:51.840Z] GET http://localhost:5174/src/react-app/index.css?t=1775006991840 → 200 (53ms, 122811B)
[2026-04-01T01:29:51.840Z] GET http://localhost:5174/src/react-app/components/feedback/ExplanationChat.tsx?t=1775006991840 → 200 (58ms, 72787B)
[2026-04-01T01:30:01.512Z] GET http://localhost:5174/src/react-app/index.css?t=1775007001511 → 200 (58ms, 122811B)
[2026-04-01T01:30:01.512Z] GET http://localhost:5174/src/react-app/components/feedback/FeedbackCard.tsx?t=1775007001511 → 200 (24ms, 62765B)
[2026-04-01T01:30:05.803Z] GET http://localhost:5174/src/react-app/index.css?t=1775007005803 → 200 (42ms, 122811B)
[2026-04-01T01:30:05.803Z] GET http://localhost:5174/src/react-app/components/feedback/FeedbackCard.tsx?t=1775007005803 → 200 (44ms, 63229B)
[2026-04-01T01:36:19.913Z] GET http://localhost:5174/pricing → 200 (92ms, 2249B)
[2026-04-01T01:36:20.045Z] GET http://localhost:5174/@vite/client → 200 (2ms, 178928B)
[2026-04-01T01:36:20.045Z] GET https://fonts.googleapis.com/css2?family=Inter:wght@400;500;600;700;800&display=swap → 200 (?ms, 12535B)
[2026-04-01T01:36:20.046Z] GET http://localhost:5174/src/react-app/main.tsx?t=1775007005803 → 200 (1ms, 2058B)
[2026-04-01T01:36:20.064Z] GET https://fonts.gstatic.com/s/inter/v20/UcC73FwrK3iLTeHuS_nVMrMxCp50SjIa1ZL7W0Q5nw.woff2 → 200 (?ms, ?B)
[2026-04-01T01:36:20.067Z] GET http://localhost:5174/@react-refresh → 200 (4ms, 109802B)
[2026-04-01T01:36:20.067Z] GET http://localhost:5174/node_modules/vite/dist/client/env.mjs → 200 (4ms, 3478B)
[2026-04-01T01:36:20.067Z] GET http://localhost:5174/node_modules/.vite/deps/react_jsx-dev-runtime.js?v=83ec516e → 200 (?ms, 23490B)
[2026-04-01T01:36:20.067Z] GET http://localhost:5174/node_modules/.vite/deps/react.js?v=83ec516e → 200 (?ms, 1024B)
[2026-04-01T01:36:20.067Z] GET http://localhost:5174/node_modules/.vite/deps/react-dom_client.js?v=83ec516e → 200 (2ms, 892994B)
[2026-04-01T01:36:20.069Z] GET http://localhost:5174/src/react-app/index.css?t=1775007005803 → 304 (10ms, ?B)
[2026-04-01T01:36:20.069Z] GET http://localhost:5174/src/react-app/App.tsx?t=1775007005803 → 200 (10ms, 18061B)
[2026-04-01T01:36:20.070Z] GET http://localhost:5174/node_modules/.vite/deps/chunk-FAXX4WQY.js?v=83ec516e → 200 (?ms, 53399B)
[2026-04-01T01:36:20.070Z] GET http://localhost:5174/node_modules/.vite/deps/chunk-G3PMV62Z.js?v=83ec516e → 200 (?ms, 7968B)
[2026-04-01T01:36:20.070Z] GET http://localhost:5174/node_modules/.vite/deps/chunk-F4NCUFXK.js?v=83ec516e → 200 (?ms, 16214B)
[2026-04-01T01:36:20.102Z] GET http://localhost:5174/node_modules/.vite/deps/react-router.js?v=83ec516e → 200 (?ms, 447255B)
[2026-04-01T01:36:20.102Z] GET http://localhost:5174/src/react-app/lib/AuthProvider.tsx → 200 (4ms, 18141B)
[2026-04-01T01:36:20.103Z] GET http://localhost:5174/src/react-app/pages/Landing.tsx → 200 (4ms, 71557B)
[2026-04-01T01:36:20.103Z] GET http://localhost:5174/src/react-app/pages/Login.tsx → 200 (3ms, 23606B)
[2026-04-01T01:36:20.103Z] GET http://localhost:5174/src/react-app/pages/AuthCallback.tsx → 200 (4ms, 12804B)
[2026-04-01T01:36:20.103Z] GET http://localhost:5174/src/react-app/pages/DiagnosticIntro.tsx → 200 (7ms, 32584B)
[2026-04-01T01:36:20.103Z] GET http://localhost:5174/src/react-app/pages/DiagnosticTest.tsx → 200 (9ms, 37447B)
[2026-04-01T01:36:20.103Z] GET http://localhost:5174/src/react-app/pages/DiagnosticResults.tsx → 200 (9ms, 49784B)
[2026-04-01T01:36:20.104Z] GET http://localhost:5174/src/react-app/pages/PracticeSetup.tsx → 200 (8ms, 37472B)
[2026-04-01T01:36:20.104Z] GET http://localhost:5174/src/react-app/pages/Practice.tsx → 200 (8ms, 107860B)
[2026-04-01T01:36:20.104Z] GET http://localhost:5174/src/react-app/pages/PracticeSummary.tsx?t=1775007005803 → 200 (7ms, 107052B)
[2026-04-01T01:36:20.104Z] GET http://localhost:5174/src/react-app/pages/Dashboard.tsx → 200 (12ms, 52839B)
[2026-04-01T01:36:20.104Z] GET http://localhost:5174/src/react-app/pages/Welcome.tsx → 200 (9ms, 33951B)
[2026-04-01T01:36:20.104Z] GET http://localhost:5174/src/react-app/pages/Onboarding.tsx → 200 (12ms, 58994B)
[2026-04-01T01:36:20.104Z] GET http://localhost:5174/src/react-app/pages/Settings.tsx?t=1775006420095 → 200 (13ms, 131192B)
[2026-04-01T01:36:20.104Z] GET http://localhost:5174/src/react-app/pages/AITutor.tsx?t=1775006976355 → 200 (8ms, 89634B)
[2026-04-01T01:36:20.104Z] GET http://localhost:5174/src/react-app/pages/Progress.tsx → 200 (13ms, 161559B)
[2026-04-01T01:36:20.104Z] GET http://localhost:5174/src/react-app/pages/StudyPlan.tsx → 200 (13ms, 84562B)
[2026-04-01T01:36:20.104Z] GET http://localhost:5174/src/react-app/pages/Pricing.tsx?t=1775006383142 → 200 (13ms, 50612B)
[2026-04-01T01:36:20.106Z] GET http://localhost:5174/src/react-app/lib/supabase.ts → 200 (11ms, 1320B)
[2026-04-01T01:36:20.107Z] GET http://localhost:5174/node_modules/.vite/deps/lucide-react.js?v=83ec516e → 200 (?ms, 894771B)
[2026-04-01T01:36:20.107Z] GET http://localhost:5174/src/react-app/components/ui/button.tsx → 200 (10ms, 10563B)
[2026-04-01T01:36:20.111Z] GET http://localhost:5174/src/react-app/components/Logo.tsx → 200 (6ms, 7711B)
[2026-04-01T01:36:20.111Z] GET http://localhost:5174/src/react-app/components/question/QuestionCard.tsx → 200 (7ms, 27171B)
[2026-04-01T01:36:20.111Z] GET http://localhost:5174/src/react-app/components/feedback/FeedbackCard.tsx?t=1775007005803 → 304 (6ms, ?B)
[2026-04-01T01:36:20.111Z] GET http://localhost:5174/src/data/questions.ts → 200 (7ms, 27896B)
[2026-04-01T01:36:20.111Z] GET http://localhost:5174/src/react-app/lib/utils.ts → 200 (7ms, 738B)
[2026-04-01T01:36:20.112Z] GET http://localhost:5174/src/react-app/hooks/useStudentProgress.ts → 200 (6ms, 42076B)
[2026-04-01T01:36:20.113Z] GET http://localhost:5174/src/react-app/components/layout/AppLayout.tsx → 200 (5ms, 30975B)
[2026-04-01T01:36:20.113Z] GET http://localhost:5174/src/react-app/components/ui/ChatMarkdown.tsx?t=1775006976355 → 200 (5ms, 11210B)
[2026-04-01T01:36:20.131Z] GET http://localhost:5174/src/react-app/components/ui/input.tsx → 200 (29ms, 4936B)
[2026-04-01T01:36:20.132Z] GET http://localhost:5174/src/react-app/lib/pdfExport.ts → 200 (35ms, 31189B)
[2026-04-01T01:36:20.132Z] GET http://localhost:5174/node_modules/.vite/deps/@supabase_supabase-js.js?v=83ec516e → 200 (?ms, 531317B)
[2026-04-01T01:36:20.132Z] GET http://localhost:5174/node_modules/.vite/deps/class-variance-authority.js?v=83ec516e → 200 (1ms, 2345B)
[2026-04-01T01:36:20.133Z] GET http://localhost:5174/node_modules/.vite/deps/radix-ui.js?v=83ec516e → 200 (?ms, 593707B)
[2026-04-01T01:36:20.133Z] GET http://localhost:5174/src/react-app/components/feedback/ExplanationChat.tsx?t=1775006991840 → 200 (40ms, 72787B)
[2026-04-01T01:36:20.133Z] GET http://localhost:5174/src/data/questions-bank-math-algebra.ts → 200 (50ms, 894152B)
[2026-04-01T01:36:20.134Z] GET http://localhost:5174/src/data/questions-bank-math-advanced.ts → 200 (48ms, 662573B)
[2026-04-01T01:36:20.134Z] GET http://localhost:5174/src/data/questions-bank-math-problem-solving.ts → 200 (49ms, 740716B)
[2026-04-01T01:36:20.134Z] GET http://localhost:5174/src/data/questions-bank-math-geometry.ts → 200 (46ms, 423607B)
[2026-04-01T01:36:20.134Z] GET http://localhost:5174/src/data/questions-bank-rw-information.ts → 200 (49ms, 1291592B)
[2026-04-01T01:36:20.134Z] GET http://localhost:5174/src/data/questions-bank-rw-craft.ts → 200 (49ms, 876557B)
[2026-04-01T01:36:20.134Z] GET http://localhost:5174/src/data/questions-bank-rw-expression.ts → 200 (48ms, 671736B)
[2026-04-01T01:36:20.134Z] GET http://localhost:5174/src/data/questions-bank-rw-conventions.ts → 200 (48ms, 582469B)
[2026-04-01T01:36:20.134Z] GET http://localhost:5174/src/data/questions-practice-test-4.ts → 200 (47ms, 475433B)
[2026-04-01T01:36:20.134Z] GET http://localhost:5174/src/data/questions-practice-test-5.ts → 200 (47ms, 476052B)
[2026-04-01T01:36:20.134Z] GET http://localhost:5174/src/data/questions-practice-test-6.ts → 200 (48ms, 480354B)
[2026-04-01T01:36:20.134Z] GET http://localhost:5174/src/data/questions-practice-test-7.ts → 200 (48ms, 468739B)
[2026-04-01T01:36:20.134Z] GET http://localhost:5174/src/data/questions-practice-test-8.ts → 200 (48ms, 470142B)
[2026-04-01T01:36:20.134Z] GET http://localhost:5174/src/data/questions-practice-test-9.ts → 200 (48ms, 470076B)
[2026-04-01T01:36:20.134Z] GET http://localhost:5174/src/data/questions-practice-test-10.ts → 200 (47ms, 448461B)
[2026-04-01T01:36:20.136Z] GET http://localhost:5174/src/data/questions-practice-test-11.ts → 200 (45ms, 480321B)
[2026-04-01T01:36:20.136Z] GET http://localhost:5174/node_modules/.vite/deps/clsx.js?v=83ec516e → 200 (1ms, 1157B)
[2026-04-01T01:36:20.137Z] GET http://localhost:5174/node_modules/.vite/deps/tailwind-merge.js?v=83ec516e → 200 (?ms, 99369B)
[2026-04-01T01:36:20.140Z] GET http://localhost:5174/node_modules/.vite/deps/react-markdown.js?v=83ec516e → 200 (?ms, 351001B)
[2026-04-01T01:36:20.159Z] GET http://localhost:5174/node_modules/.vite/deps/chunk-6WBQ3PW6.js?v=83ec516e → 200 (?ms, 1924B)
[2026-04-01T01:36:20.159Z] GET http://localhost:5174/node_modules/.vite/deps/chunk-U7P2NEEE.js?v=83ec516e → 200 (?ms, 626B)
[2026-04-01T01:36:20.160Z] GET http://localhost:5174/node_modules/.vite/deps/chunk-WQUZVXOW.js?v=83ec516e → 200 (?ms, 23566B)
[2026-04-01T01:36:20.181Z] GET http://localhost:5174/node_modules/.vite/deps/jspdf.js?v=83ec516e → 200 (?ms, 686710B)
[2026-04-01T01:36:20.184Z] GET http://localhost:5174/node_modules/.vite/deps/chunk-D7ZASVPN.js?v=83ec516e → 200 (?ms, 459B)
[2026-04-01T01:36:20.488Z] GET https://019c2e5b-2f20-7a1a-8266-2d41e0797564.mochausercontent.com/tutorzero-icon-square.png → 200 (?ms, 176731B)
[2026-04-01T01:36:20.489Z] GET https://019c2e5b-2f20-7a1a-8266-2d41e0797564.mochausercontent.com/tutorzero-wordmark-dark.png → 200 (?ms, 32917B)
[2026-04-01T01:37:32.915Z] GET http://localhost:5174/pricing → 200 (27ms, 2249B)
[2026-04-01T01:37:32.946Z] GET http://localhost:5174/@vite/client → 200 (9ms, 178928B)
[2026-04-01T01:37:32.949Z] GET https://fonts.googleapis.com/css2?family=Inter:wght@400;500;600;700;800&display=swap → 200 (?ms, 12535B)
[2026-04-01T01:37:32.949Z] GET http://localhost:5174/src/react-app/main.tsx?t=1775007005803 → 200 (2ms, 2058B)
[2026-04-01T01:37:32.950Z] GET http://localhost:5174/@react-refresh → 200 (5ms, 109802B)
[2026-04-01T01:37:32.951Z] GET http://localhost:5174/node_modules/.vite/deps/react_jsx-dev-runtime.js?v=83ec516e → 200 (?ms, 23490B)
[2026-04-01T01:37:32.951Z] GET http://localhost:5174/node_modules/.vite/deps/react.js?v=83ec516e → 200 (1ms, 1024B)
[2026-04-01T01:37:32.953Z] GET http://localhost:5174/node_modules/.vite/deps/react-dom_client.js?v=83ec516e → 200 (?ms, 892994B)
[2026-04-01T01:37:32.953Z] GET http://localhost:5174/src/react-app/index.css?t=1775007005803 → 200 (8ms, 122811B)
[2026-04-01T01:37:32.953Z] GET http://localhost:5174/src/react-app/App.tsx?t=1775007005803 → 200 (3ms, 18061B)
[2026-04-01T01:37:32.954Z] GET http://localhost:5174/node_modules/.vite/deps/chunk-FAXX4WQY.js?v=83ec516e → 200 (?ms, 53399B)
[2026-04-01T01:37:32.954Z] GET http://localhost:5174/node_modules/.vite/deps/chunk-G3PMV62Z.js?v=83ec516e → 200 (?ms, 7968B)
[2026-04-01T01:37:32.954Z] GET http://localhost:5174/node_modules/.vite/deps/chunk-F4NCUFXK.js?v=83ec516e → 200 (1ms, 16214B)
[2026-04-01T01:37:32.956Z] GET http://localhost:5174/node_modules/vite/dist/client/env.mjs → 200 (5ms, 3478B)
[2026-04-01T01:37:32.956Z] GET http://localhost:5174/node_modules/.vite/deps/react-router.js?v=83ec516e → 200 (1ms, 447255B)
[2026-04-01T01:37:32.958Z] GET http://localhost:5174/src/react-app/lib/AuthProvider.tsx → 200 (4ms, 18141B)
[2026-04-01T01:37:32.958Z] GET http://localhost:5174/src/react-app/pages/Landing.tsx → 200 (5ms, 71557B)
[2026-04-01T01:37:32.958Z] GET http://localhost:5174/src/react-app/pages/Login.tsx → 200 (5ms, 23606B)
[2026-04-01T01:37:32.958Z] GET http://localhost:5174/src/react-app/pages/AuthCallback.tsx → 200 (5ms, 12804B)
[2026-04-01T01:37:32.958Z] GET http://localhost:5174/src/react-app/pages/DiagnosticIntro.tsx → 200 (8ms, 32584B)
[2026-04-01T01:37:32.959Z] GET http://localhost:5174/src/react-app/pages/DiagnosticTest.tsx → 200 (8ms, 37447B)
[2026-04-01T01:37:32.959Z] GET http://localhost:5174/src/react-app/pages/DiagnosticResults.tsx → 200 (4ms, 49784B)
[2026-04-01T01:37:32.959Z] GET http://localhost:5174/src/react-app/pages/PracticeSetup.tsx → 200 (20ms, 37472B)
[2026-04-01T01:37:32.959Z] GET http://localhost:5174/src/react-app/pages/Practice.tsx → 200 (20ms, 107860B)
[2026-04-01T01:37:32.959Z] GET http://localhost:5174/src/react-app/pages/PracticeSummary.tsx?t=1775007005803 → 200 (20ms, 107052B)
[2026-04-01T01:37:32.959Z] GET http://localhost:5174/src/react-app/pages/Dashboard.tsx → 200 (7ms, 52839B)
[2026-04-01T01:37:32.959Z] GET http://localhost:5174/src/react-app/pages/Welcome.tsx → 200 (20ms, 33951B)
[2026-04-01T01:37:32.959Z] GET http://localhost:5174/src/react-app/pages/Onboarding.tsx → 200 (20ms, 58994B)
[2026-04-01T01:37:32.960Z] GET http://localhost:5174/src/react-app/pages/Settings.tsx?t=1775006420095 → 200 (21ms, 131192B)
[2026-04-01T01:37:32.960Z] GET http://localhost:5174/src/react-app/pages/AITutor.tsx?t=1775006976355 → 200 (21ms, 89634B)
[2026-04-01T01:37:32.960Z] GET http://localhost:5174/src/react-app/pages/Progress.tsx → 200 (22ms, 161559B)
[2026-04-01T01:37:32.960Z] GET http://localhost:5174/src/react-app/pages/StudyPlan.tsx → 200 (21ms, 84562B)
[2026-04-01T01:37:32.961Z] GET http://localhost:5174/src/react-app/pages/Pricing.tsx?t=1775006383142 → 200 (20ms, 50612B)
[2026-04-01T01:37:32.961Z] GET https://fonts.gstatic.com/s/inter/v20/UcC73FwrK3iLTeHuS_nVMrMxCp50SjIa1ZL7W0Q5nw.woff2 → 200 (?ms, ?B)
[2026-04-01T01:37:32.962Z] GET http://localhost:5174/src/react-app/lib/supabase.ts → 200 (19ms, 1320B)
[2026-04-01T01:37:32.963Z] GET http://localhost:5174/node_modules/.vite/deps/lucide-react.js?v=83ec516e → 200 (?ms, 894771B)
[2026-04-01T01:37:32.963Z] GET http://localhost:5174/src/react-app/components/ui/button.tsx → 200 (18ms, 10563B)
[2026-04-01T01:37:32.963Z] GET http://localhost:5174/src/data/questions.ts → 200 (19ms, 27896B)
[2026-04-01T01:37:32.963Z] GET http://localhost:5174/src/react-app/hooks/useStudentProgress.ts → 200 (19ms, 42076B)
[2026-04-01T01:37:32.966Z] GET http://localhost:5174/src/react-app/components/layout/AppLayout.tsx → 200 (16ms, 30975B)
[2026-04-01T01:37:32.966Z] GET http://localhost:5174/src/react-app/lib/utils.ts → 200 (16ms, 738B)
[2026-04-01T01:37:32.967Z] GET http://localhost:5174/src/react-app/components/Logo.tsx → 200 (15ms, 7711B)
[2026-04-01T01:37:32.997Z] GET http://localhost:5174/src/react-app/components/question/QuestionCard.tsx → 200 (33ms, 27171B)
[2026-04-01T01:37:32.998Z] GET http://localhost:5174/src/react-app/components/feedback/FeedbackCard.tsx?t=1775007005803 → 200 (35ms, 63229B)
[2026-04-01T01:37:32.998Z] GET http://localhost:5174/src/react-app/components/ui/ChatMarkdown.tsx?t=1775006976355 → 200 (35ms, 11210B)
[2026-04-01T01:37:32.998Z] GET http://localhost:5174/node_modules/.vite/deps/@supabase_supabase-js.js?v=83ec516e → 200 (?ms, 531317B)
[2026-04-01T01:37:32.998Z] GET http://localhost:5174/src/react-app/components/ui/input.tsx → 200 (35ms, 4936B)
[2026-04-01T01:37:32.998Z] GET http://localhost:5174/node_modules/.vite/deps/class-variance-authority.js?v=83ec516e → 200 (?ms, 2345B)
[2026-04-01T01:37:32.999Z] GET http://localhost:5174/node_modules/.vite/deps/radix-ui.js?v=83ec516e → 200 (?ms, 593707B)
[2026-04-01T01:37:32.999Z] GET http://localhost:5174/src/react-app/lib/pdfExport.ts → 200 (34ms, 31189B)
[2026-04-01T01:37:32.999Z] GET http://localhost:5174/src/data/questions-bank-math-algebra.ts → 200 (45ms, 894152B)
[2026-04-01T01:37:32.999Z] GET http://localhost:5174/src/data/questions-bank-math-advanced.ts → 200 (43ms, 662573B)
[2026-04-01T01:37:32.999Z] GET http://localhost:5174/src/data/questions-bank-math-problem-solving.ts → 200 (46ms, 740716B)
[2026-04-01T01:37:32.999Z] GET http://localhost:5174/src/data/questions-bank-math-geometry.ts → 200 (42ms, 423607B)
[2026-04-01T01:37:32.999Z] GET http://localhost:5174/src/data/questions-bank-rw-information.ts → 200 (46ms, 1291592B)
[2026-04-01T01:37:32.999Z] GET http://localhost:5174/src/data/questions-bank-rw-craft.ts → 200 (46ms, 876557B)
[2026-04-01T01:37:33.000Z] GET http://localhost:5174/src/data/questions-bank-rw-expression.ts → 200 (42ms, 671736B)
[2026-04-01T01:37:33.000Z] GET http://localhost:5174/src/data/questions-bank-rw-conventions.ts → 200 (42ms, 582469B)
[2026-04-01T01:37:33.000Z] GET http://localhost:5174/src/data/questions-practice-test-4.ts → 200 (44ms, 475433B)
[2026-04-01T01:37:33.000Z] GET http://localhost:5174/src/data/questions-practice-test-5.ts → 200 (42ms, 476052B)
[2026-04-01T01:37:33.000Z] GET http://localhost:5174/src/data/questions-practice-test-6.ts → 200 (44ms, 480354B)
[2026-04-01T01:37:33.000Z] GET http://localhost:5174/src/data/questions-practice-test-7.ts → 200 (44ms, 468739B)
[2026-04-01T01:37:33.000Z] GET http://localhost:5174/src/data/questions-practice-test-8.ts → 200 (44ms, 470142B)
[2026-04-01T01:37:33.000Z] GET http://localhost:5174/src/data/questions-practice-test-9.ts → 200 (42ms, 470076B)
[2026-04-01T01:37:33.000Z] GET http://localhost:5174/src/data/questions-practice-test-10.ts → 200 (42ms, 448461B)
[2026-04-01T01:37:33.000Z] GET http://localhost:5174/src/data/questions-practice-test-11.ts → 200 (45ms, 480321B)
[2026-04-01T01:37:33.000Z] GET http://localhost:5174/node_modules/.vite/deps/clsx.js?v=83ec516e → 200 (?ms, 1157B)
[2026-04-01T01:37:33.001Z] GET http://localhost:5174/node_modules/.vite/deps/tailwind-merge.js?v=83ec516e → 200 (2ms, 99369B)
[2026-04-01T01:37:33.030Z] GET http://localhost:5174/node_modules/.vite/deps/chunk-6WBQ3PW6.js?v=83ec516e → 200 (?ms, 1924B)
[2026-04-01T01:37:33.030Z] GET http://localhost:5174/node_modules/.vite/deps/chunk-U7P2NEEE.js?v=83ec516e → 200 (?ms, 626B)
[2026-04-01T01:37:33.030Z] GET http://localhost:5174/node_modules/.vite/deps/chunk-WQUZVXOW.js?v=83ec516e → 200 (?ms, 23566B)
[2026-04-01T01:37:33.045Z] GET http://localhost:5174/src/react-app/components/feedback/ExplanationChat.tsx?t=1775006991840 → 200 (8ms, 72787B)
[2026-04-01T01:37:33.046Z] GET http://localhost:5174/node_modules/.vite/deps/react-markdown.js?v=83ec516e → 200 (?ms, 351001B)
[2026-04-01T01:37:33.046Z] GET http://localhost:5174/node_modules/.vite/deps/jspdf.js?v=83ec516e → 200 (?ms, 686710B)
[2026-04-01T01:37:33.047Z] GET http://localhost:5174/node_modules/.vite/deps/chunk-D7ZASVPN.js?v=83ec516e → 200 (?ms, 459B)
[2026-04-01T01:37:33.306Z] GET https://019c2e5b-2f20-7a1a-8266-2d41e0797564.mochausercontent.com/tutorzero-icon-square.png → 200 (?ms, 176731B)
[2026-04-01T01:37:33.306Z] GET https://019c2e5b-2f20-7a1a-8266-2d41e0797564.mochausercontent.com/tutorzero-wordmark-dark.png → 200 (?ms, 32917B)
[2026-04-01T01:37:54.630Z] GET http://localhost:5174/settings → 200 (33ms, 2249B)
[2026-04-01T01:37:54.667Z] GET http://localhost:5174/@vite/client → 304 (2ms, ?B)
[2026-04-01T01:37:54.667Z] GET https://fonts.googleapis.com/css2?family=Inter:wght@400;500;600;700;800&display=swap → 200 (?ms, 12535B)
[2026-04-01T01:37:54.669Z] GET http://localhost:5174/src/react-app/main.tsx?t=1775007005803 → 304 (?ms, ?B)
[2026-04-01T01:37:54.669Z] GET http://localhost:5174/@react-refresh → 304 (5ms, ?B)
[2026-04-01T01:37:54.669Z] GET http://localhost:5174/node_modules/vite/dist/client/env.mjs → 304 (5ms, ?B)
[2026-04-01T01:37:54.670Z] GET http://localhost:5174/node_modules/.vite/deps/react_jsx-dev-runtime.js?v=83ec516e → 200 (?ms, 23490B)
[2026-04-01T01:37:54.670Z] GET http://localhost:5174/node_modules/.vite/deps/react.js?v=83ec516e → 200 (?ms, 1024B)
[2026-04-01T01:37:54.670Z] GET http://localhost:5174/node_modules/.vite/deps/react-dom_client.js?v=83ec516e → 200 (1ms, 892994B)
[2026-04-01T01:37:54.671Z] GET http://localhost:5174/src/react-app/index.css?t=1775007005803 → 304 (6ms, ?B)
[2026-04-01T01:37:54.671Z] GET http://localhost:5174/src/react-app/App.tsx?t=1775007005803 → 304 (6ms, ?B)
[2026-04-01T01:37:54.671Z] GET http://localhost:5174/node_modules/.vite/deps/chunk-FAXX4WQY.js?v=83ec516e → 200 (2ms, 53399B)
[2026-04-01T01:37:54.673Z] GET http://localhost:5174/node_modules/.vite/deps/chunk-G3PMV62Z.js?v=83ec516e → 200 (?ms, 7968B)
[2026-04-01T01:37:54.673Z] GET http://localhost:5174/node_modules/.vite/deps/chunk-F4NCUFXK.js?v=83ec516e → 200 (?ms, 16214B)
[2026-04-01T01:37:54.677Z] GET http://localhost:5174/node_modules/.vite/deps/react-router.js?v=83ec516e → 200 (1ms, 447255B)
[2026-04-01T01:37:54.678Z] GET http://localhost:5174/src/react-app/lib/AuthProvider.tsx → 304 (5ms, ?B)
[2026-04-01T01:37:54.678Z] GET http://localhost:5174/src/react-app/pages/Landing.tsx → 304 (5ms, ?B)
[2026-04-01T01:37:54.678Z] GET http://localhost:5174/src/react-app/pages/Login.tsx → 304 (6ms, ?B)
[2026-04-01T01:37:54.678Z] GET http://localhost:5174/src/react-app/pages/AuthCallback.tsx → 304 (8ms, ?B)
[2026-04-01T01:37:54.678Z] GET http://localhost:5174/src/react-app/pages/DiagnosticIntro.tsx → 304 (8ms, ?B)
[2026-04-01T01:37:54.681Z] GET http://localhost:5174/src/react-app/pages/DiagnosticTest.tsx → 304 (4ms, ?B)
[2026-04-01T01:37:54.681Z] GET http://localhost:5174/src/react-app/pages/DiagnosticResults.tsx → 304 (4ms, ?B)
[2026-04-01T01:37:54.681Z] GET http://localhost:5174/src/react-app/pages/PracticeSetup.tsx → 304 (4ms, ?B)
[2026-04-01T01:37:54.681Z] GET http://localhost:5174/src/react-app/pages/Practice.tsx → 304 (21ms, ?B)
[2026-04-01T01:37:54.681Z] GET http://localhost:5174/src/react-app/pages/PracticeSummary.tsx?t=1775007005803 → 304 (22ms, ?B)
[2026-04-01T01:37:54.681Z] GET http://localhost:5174/src/react-app/pages/Dashboard.tsx → 304 (23ms, ?B)
[2026-04-01T01:37:54.682Z] GET http://localhost:5174/src/react-app/pages/Welcome.tsx → 304 (22ms, ?B)
[2026-04-01T01:37:54.682Z] GET http://localhost:5174/src/react-app/pages/Onboarding.tsx → 304 (22ms, ?B)
[2026-04-01T01:37:54.682Z] GET http://localhost:5174/src/react-app/pages/Settings.tsx?t=1775006420095 → 304 (22ms, ?B)
[2026-04-01T01:37:54.682Z] GET http://localhost:5174/src/react-app/pages/AITutor.tsx?t=1775006976355 → 304 (23ms, ?B)
[2026-04-01T01:37:54.682Z] GET http://localhost:5174/src/react-app/pages/Progress.tsx → 304 (23ms, ?B)
[2026-04-01T01:37:54.682Z] GET http://localhost:5174/src/react-app/pages/StudyPlan.tsx → 304 (23ms, ?B)
[2026-04-01T01:37:54.683Z] GET http://localhost:5174/src/react-app/pages/Pricing.tsx?t=1775006383142 → 304 (22ms, ?B)
[2026-04-01T01:37:54.683Z] GET http://localhost:5174/src/react-app/lib/supabase.ts → 304 (22ms, ?B)
[2026-04-01T01:37:54.684Z] GET https://fonts.gstatic.com/s/inter/v20/UcC73FwrK3iLTeHuS_nVMrMxCp50SjIa1ZL7W0Q5nw.woff2 → 200 (?ms, ?B)
[2026-04-01T01:37:54.684Z] GET http://localhost:5174/src/react-app/components/ui/button.tsx → 304 (22ms, ?B)
[2026-04-01T01:37:54.684Z] GET http://localhost:5174/node_modules/.vite/deps/lucide-react.js?v=83ec516e → 200 (?ms, 894771B)
[2026-04-01T01:37:54.685Z] GET http://localhost:5174/src/data/questions.ts → 304 (21ms, ?B)
[2026-04-01T01:37:54.685Z] GET http://localhost:5174/src/react-app/lib/utils.ts → 304 (21ms, ?B)
[2026-04-01T01:37:54.685Z] GET http://localhost:5174/src/react-app/hooks/useStudentProgress.ts → 304 (21ms, ?B)
[2026-04-01T01:37:54.686Z] GET http://localhost:5174/src/react-app/components/Logo.tsx → 304 (20ms, ?B)
[2026-04-01T01:37:54.716Z] GET http://localhost:5174/src/react-app/components/question/QuestionCard.tsx → 304 (8ms, ?B)
[2026-04-01T01:37:54.716Z] GET http://localhost:5174/src/react-app/components/feedback/FeedbackCard.tsx?t=1775007005803 → 304 (8ms, ?B)
[2026-04-01T01:37:54.716Z] GET http://localhost:5174/src/react-app/components/layout/AppLayout.tsx → 304 (9ms, ?B)
[2026-04-01T01:37:54.717Z] GET http://localhost:5174/src/react-app/components/ui/input.tsx → 304 (8ms, ?B)
[2026-04-01T01:37:54.717Z] GET http://localhost:5174/src/react-app/components/ui/ChatMarkdown.tsx?t=1775006976355 → 304 (9ms, ?B)
[2026-04-01T01:37:54.717Z] GET http://localhost:5174/src/react-app/lib/pdfExport.ts → 304 (9ms, ?B)
[2026-04-01T01:37:54.717Z] GET http://localhost:5174/node_modules/.vite/deps/@supabase_supabase-js.js?v=83ec516e → 200 (?ms, ?B)
[2026-04-01T01:37:54.718Z] GET http://localhost:5174/node_modules/.vite/deps/class-variance-authority.js?v=83ec516e → 200 (?ms, ?B)
[2026-04-01T01:37:54.718Z] GET http://localhost:5174/node_modules/.vite/deps/radix-ui.js?v=83ec516e → 200 (?ms, ?B)
[2026-04-01T01:37:54.718Z] GET http://localhost:5174/src/data/questions-bank-math-algebra.ts → 304 (8ms, ?B)
[2026-04-01T01:37:54.718Z] GET http://localhost:5174/src/data/questions-bank-math-advanced.ts → 304 (9ms, ?B)
[2026-04-01T01:37:54.718Z] GET http://localhost:5174/src/data/questions-bank-math-problem-solving.ts → 304 (9ms, ?B)
[2026-04-01T01:37:54.718Z] GET http://localhost:5174/src/data/questions-bank-math-geometry.ts → 304 (9ms, ?B)
[2026-04-01T01:37:54.718Z] GET http://localhost:5174/src/data/questions-bank-rw-information.ts → 304 (9ms, ?B)
[2026-04-01T01:37:54.719Z] GET http://localhost:5174/src/data/questions-bank-rw-craft.ts → 304 (9ms, ?B)
[2026-04-01T01:37:54.719Z] GET http://localhost:5174/src/data/questions-bank-rw-expression.ts → 304 (9ms, ?B)
[2026-04-01T01:37:54.719Z] GET http://localhost:5174/src/data/questions-bank-rw-conventions.ts → 304 (9ms, ?B)
[2026-04-01T01:37:54.719Z] GET http://localhost:5174/src/data/questions-practice-test-4.ts → 304 (9ms, ?B)
[2026-04-01T01:37:54.719Z] GET http://localhost:5174/src/data/questions-practice-test-5.ts → 304 (9ms, ?B)
[2026-04-01T01:37:54.719Z] GET http://localhost:5174/src/data/questions-practice-test-6.ts → 304 (10ms, ?B)
[2026-04-01T01:37:54.720Z] GET http://localhost:5174/src/data/questions-practice-test-7.ts → 304 (9ms, ?B)
[2026-04-01T01:37:54.720Z] GET http://localhost:5174/src/data/questions-practice-test-8.ts → 304 (9ms, ?B)
[2026-04-01T01:37:54.720Z] GET http://localhost:5174/src/data/questions-practice-test-9.ts → 304 (9ms, ?B)
[2026-04-01T01:37:54.720Z] GET http://localhost:5174/src/data/questions-practice-test-10.ts → 304 (9ms, ?B)
[2026-04-01T01:37:54.720Z] GET http://localhost:5174/src/data/questions-practice-test-11.ts → 304 (10ms, ?B)
[2026-04-01T01:37:54.721Z] GET http://localhost:5174/node_modules/.vite/deps/clsx.js?v=83ec516e → 200 (?ms, ?B)
[2026-04-01T01:37:54.721Z] GET http://localhost:5174/node_modules/.vite/deps/tailwind-merge.js?v=83ec516e → 200 (?ms, ?B)
[2026-04-01T01:37:54.723Z] GET http://localhost:5174/node_modules/.vite/deps/chunk-6WBQ3PW6.js?v=83ec516e → 200 (1ms, ?B)
[2026-04-01T01:37:54.724Z] GET http://localhost:5174/node_modules/.vite/deps/chunk-U7P2NEEE.js?v=83ec516e → 200 (?ms, ?B)
[2026-04-01T01:37:54.724Z] GET http://localhost:5174/node_modules/.vite/deps/chunk-WQUZVXOW.js?v=83ec516e → 200 (?ms, ?B)
[2026-04-01T01:37:54.724Z] GET http://localhost:5174/src/react-app/components/feedback/ExplanationChat.tsx?t=1775006991840 → 304 (6ms, ?B)
[2026-04-01T01:37:54.726Z] GET http://localhost:5174/node_modules/.vite/deps/react-markdown.js?v=83ec516e → 200 (?ms, ?B)
[2026-04-01T01:37:54.726Z] GET http://localhost:5174/node_modules/.vite/deps/jspdf.js?v=83ec516e → 200 (?ms, ?B)
[2026-04-01T01:37:54.726Z] GET http://localhost:5174/node_modules/.vite/deps/chunk-D7ZASVPN.js?v=83ec516e → 200 (?ms, ?B)
[2026-04-01T01:37:54.829Z] GET https://019c2e5b-2f20-7a1a-8266-2d41e0797564.mochausercontent.com/tutorzero-wordmark-on-dark.png → 200 (6ms, 58416B)
[2026-04-01T01:40:24.880Z] GET http://localhost:5174/src/react-app/pages/Login.tsx?t=1775007624873 → pending (?ms, ?B)
[2026-04-01T01:40:24.881Z] GET http://localhost:5174/src/react-app/index.css?t=1775007624873 → pending (?ms, ?B)
[2026-04-01T01:40:32.383Z] GET http://localhost:5174/src/react-app/pages/Login.tsx?t=1775007632383 → 200 (96ms, 23606B)
[2026-04-01T01:40:32.383Z] GET http://localhost:5174/src/react-app/index.css?t=1775007632383 → 200 (93ms, 122811B)
[2026-04-01T01:40:39.574Z] GET http://localhost:5174/src/react-app/pages/Pricing.tsx?t=1775007639574 → 200 (48ms, 50682B)
[2026-04-01T01:40:39.574Z] GET http://localhost:5174/src/react-app/index.css?t=1775007639574 → 200 (43ms, 122811B)
[2026-04-01T01:41:17.685Z] GET http://localhost:5174/src/react-app/index.css?t=1775007677685 → 200 (42ms, 122811B)
[2026-04-01T01:41:17.685Z] GET http://localhost:5174/src/react-app/components/layout/AppLayout.tsx?t=1775007677685 → 200 (12ms, 31004B)
[2026-04-01T01:41:44.428Z] GET http://localhost:5174/src/react-app/pages/Pricing.tsx?t=1775007704427 → 200 (17ms, 50698B)
[2026-04-01T01:41:44.428Z] GET http://localhost:5174/src/react-app/index.css?t=1775007704427 → 200 (51ms, 122811B)
[2026-04-01T01:41:55.410Z] GET http://localhost:5174/pricing → 200 (28ms, 2249B)
[2026-04-01T01:41:55.439Z] GET http://localhost:5174/@vite/client → 200 (14ms, 178928B)
[2026-04-01T01:41:55.444Z] GET https://fonts.googleapis.com/css2?family=Inter:wght@400;500;600;700;800&display=swap → 200 (?ms, 12535B)
[2026-04-01T01:41:55.444Z] GET http://localhost:5174/src/react-app/main.tsx?t=1775007704427 → 200 (1ms, 2058B)
[2026-04-01T01:41:55.445Z] GET http://localhost:5174/@react-refresh → 200 (10ms, 109802B)
[2026-04-01T01:41:55.445Z] GET http://localhost:5174/node_modules/.vite/deps/react_jsx-dev-runtime.js?v=83ec516e → 200 (?ms, 23490B)
[2026-04-01T01:41:55.447Z] GET http://localhost:5174/node_modules/.vite/deps/react.js?v=83ec516e → 200 (?ms, 1024B)
[2026-04-01T01:41:55.447Z] GET http://localhost:5174/node_modules/.vite/deps/react-dom_client.js?v=83ec516e → 200 (1ms, 892994B)
[2026-04-01T01:41:55.448Z] GET http://localhost:5174/src/react-app/index.css?t=1775007704427 → 304 (5ms, ?B)
[2026-04-01T01:41:55.449Z] GET http://localhost:5174/src/react-app/App.tsx?t=1775007704427 → 200 (6ms, 18125B)
[2026-04-01T01:41:55.449Z] GET http://localhost:5174/node_modules/.vite/deps/chunk-FAXX4WQY.js?v=83ec516e → 200 (?ms, 53399B)
[2026-04-01T01:41:55.450Z] GET http://localhost:5174/node_modules/.vite/deps/chunk-G3PMV62Z.js?v=83ec516e → 200 (?ms, 7968B)
[2026-04-01T01:41:55.451Z] GET http://localhost:5174/node_modules/.vite/deps/chunk-F4NCUFXK.js?v=83ec516e → 200 (?ms, 16214B)
[2026-04-01T01:41:55.452Z] GET https://fonts.gstatic.com/s/inter/v20/UcC73FwrK3iLTeHuS_nVMrMxCp50SjIa1ZL7W0Q5nw.woff2 → 200 (1ms, ?B)
[2026-04-01T01:41:55.455Z] GET http://localhost:5174/node_modules/vite/dist/client/env.mjs → 200 (6ms, 3478B)
[2026-04-01T01:41:55.455Z] GET http://localhost:5174/node_modules/.vite/deps/react-router.js?v=83ec516e → 200 (1ms, 447255B)
[2026-04-01T01:41:55.457Z] GET http://localhost:5174/src/react-app/lib/AuthProvider.tsx → 200 (4ms, 18141B)
[2026-04-01T01:41:55.457Z] GET http://localhost:5174/src/react-app/pages/Landing.tsx → 200 (4ms, 71557B)
[2026-04-01T01:41:55.457Z] GET http://localhost:5174/src/react-app/pages/Login.tsx?t=1775007632383 → 304 (3ms, ?B)
[2026-04-01T01:41:55.457Z] GET http://localhost:5174/src/react-app/pages/AuthCallback.tsx → 200 (4ms, 12804B)
[2026-04-01T01:41:55.457Z] GET http://localhost:5174/src/react-app/pages/DiagnosticIntro.tsx → 200 (5ms, 32584B)
[2026-04-01T01:41:55.458Z] GET http://localhost:5174/src/react-app/pages/DiagnosticTest.tsx → 200 (6ms, 37447B)
[2026-04-01T01:41:55.458Z] GET http://localhost:5174/src/react-app/pages/DiagnosticResults.tsx → 200 (7ms, 49784B)
[2026-04-01T01:41:55.458Z] GET http://localhost:5174/src/react-app/pages/PracticeSetup.tsx → 200 (7ms, 37472B)
[2026-04-01T01:41:55.458Z] GET http://localhost:5174/src/react-app/pages/Practice.tsx → 200 (23ms, 107860B)
[2026-04-01T01:41:55.458Z] GET http://localhost:5174/src/react-app/pages/PracticeSummary.tsx?t=1775007005803 → 200 (23ms, 107052B)
[2026-04-01T01:41:55.458Z] GET http://localhost:5174/src/react-app/pages/Dashboard.tsx?t=1775007677685 → 200 (6ms, 52855B)
[2026-04-01T01:41:55.460Z] GET http://localhost:5174/src/react-app/pages/Welcome.tsx → 200 (5ms, 33951B)
[2026-04-01T01:41:55.460Z] GET http://localhost:5174/src/react-app/pages/Onboarding.tsx → 200 (21ms, 58994B)
[2026-04-01T01:41:55.460Z] GET http://localhost:5174/src/react-app/pages/Settings.tsx?t=1775006420095 → 200 (25ms, 131192B)
[2026-04-01T01:41:55.460Z] GET http://localhost:5174/src/react-app/pages/AITutor.tsx?t=1775007677685 → 200 (3ms, 89650B)
[2026-04-01T01:41:55.460Z] GET http://localhost:5174/src/react-app/pages/Progress.tsx?t=1775007677685 → 200 (20ms, 161575B)
[2026-04-01T01:41:55.460Z] GET http://localhost:5174/src/react-app/pages/StudyPlan.tsx?t=1775007677685 → 200 (21ms, 84578B)
[2026-04-01T01:41:55.460Z] GET http://localhost:5174/src/react-app/pages/Pricing.tsx?t=1775007704427 → 304 (21ms, ?B)
[2026-04-01T01:41:55.461Z] GET http://localhost:5174/node_modules/.vite/deps/lucide-react.js?v=83ec516e → 200 (?ms, 894771B)
[2026-04-01T01:41:55.461Z] GET http://localhost:5174/src/react-app/lib/supabase.ts → 200 (21ms, 1320B)
[2026-04-01T01:41:55.462Z] GET http://localhost:5174/src/react-app/components/ui/button.tsx → 200 (20ms, 10563B)
[2026-04-01T01:41:55.462Z] GET http://localhost:5174/src/react-app/components/Logo.tsx → 200 (21ms, 7711B)
[2026-04-01T01:41:55.463Z] GET http://localhost:5174/src/react-app/components/layout/AppLayout.tsx?t=1775007677685 → 304 (20ms, ?B)
[2026-04-01T01:41:55.463Z] GET http://localhost:5174/src/data/questions.ts → 200 (21ms, 27896B)
[2026-04-01T01:41:55.463Z] GET http://localhost:5174/src/react-app/lib/utils.ts → 200 (21ms, 738B)
[2026-04-01T01:41:55.463Z] GET http://localhost:5174/src/react-app/components/ui/ChatMarkdown.tsx?t=1775006976355 → 200 (21ms, 11210B)
[2026-04-01T01:41:55.464Z] GET http://localhost:5174/src/react-app/hooks/useStudentProgress.ts → 200 (21ms, 42076B)
[2026-04-01T01:41:55.504Z] GET http://localhost:5174/src/react-app/lib/pdfExport.ts → 200 (25ms, 31189B)
[2026-04-01T01:41:55.504Z] GET http://localhost:5174/src/react-app/components/question/QuestionCard.tsx → 200 (25ms, 27171B)
[2026-04-01T01:41:55.504Z] GET http://localhost:5174/src/react-app/components/feedback/FeedbackCard.tsx?t=1775007005803 → 200 (25ms, 63229B)
[2026-04-01T01:41:55.505Z] GET http://localhost:5174/node_modules/.vite/deps/@supabase_supabase-js.js?v=83ec516e → 200 (?ms, 531317B)
[2026-04-01T01:41:55.508Z] GET http://localhost:5174/node_modules/.vite/deps/class-variance-authority.js?v=83ec516e → 200 (?ms, 2345B)
[2026-04-01T01:41:55.508Z] GET http://localhost:5174/node_modules/.vite/deps/radix-ui.js?v=83ec516e → 200 (?ms, 593707B)
[2026-04-01T01:41:55.508Z] GET http://localhost:5174/node_modules/.vite/deps/clsx.js?v=83ec516e → 200 (3ms, 1157B)
[2026-04-01T01:41:55.512Z] GET http://localhost:5174/node_modules/.vite/deps/tailwind-merge.js?v=83ec516e → 200 (?ms, 99369B)
[2026-04-01T01:41:55.513Z] GET http://localhost:5174/src/data/questions-bank-math-algebra.ts → 200 (43ms, 894152B)
[2026-04-01T01:41:55.513Z] GET http://localhost:5174/src/data/questions-bank-math-advanced.ts → 200 (17ms, 662573B)
[2026-04-01T01:41:55.513Z] GET http://localhost:5174/src/data/questions-bank-math-problem-solving.ts → 200 (41ms, 740716B)
[2026-04-01T01:41:55.513Z] GET http://localhost:5174/src/data/questions-bank-math-geometry.ts → 200 (17ms, 423607B)
[2026-04-01T01:41:55.513Z] GET http://localhost:5174/src/data/questions-bank-rw-information.ts → 200 (43ms, 1291592B)
[2026-04-01T01:41:55.513Z] GET http://localhost:5174/src/data/questions-bank-rw-craft.ts → 200 (43ms, 876557B)
[2026-04-01T01:41:55.513Z] GET http://localhost:5174/src/data/questions-bank-rw-expression.ts → 200 (42ms, 671736B)
[2026-04-01T01:41:55.521Z] GET http://localhost:5174/src/data/questions-bank-rw-conventions.ts → 200 (9ms, 582469B)
[2026-04-01T01:41:55.521Z] GET http://localhost:5174/src/data/questions-practice-test-4.ts → 200 (33ms, 475433B)
[2026-04-01T01:41:55.521Z] GET http://localhost:5174/src/data/questions-practice-test-5.ts → 200 (34ms, 476052B)
[2026-04-01T01:41:55.521Z] GET http://localhost:5174/src/data/questions-practice-test-6.ts → 200 (33ms, 480354B)
[2026-04-01T01:41:55.521Z] GET http://localhost:5174/src/data/questions-practice-test-7.ts → 200 (34ms, 468739B)
[2026-04-01T01:41:55.521Z] GET http://localhost:5174/src/data/questions-practice-test-8.ts → 200 (34ms, 470142B)
[2026-04-01T01:41:55.521Z] GET http://localhost:5174/src/data/questions-practice-test-9.ts → 200 (34ms, 470076B)
[2026-04-01T01:41:55.522Z] GET http://localhost:5174/src/data/questions-practice-test-10.ts → 200 (33ms, 448461B)
[2026-04-01T01:41:55.522Z] GET http://localhost:5174/src/data/questions-practice-test-11.ts → 200 (33ms, 480321B)
[2026-04-01T01:41:55.522Z] GET http://localhost:5174/node_modules/.vite/deps/react-markdown.js?v=83ec516e → 200 (?ms, 351001B)
[2026-04-01T01:41:55.522Z] GET http://localhost:5174/src/react-app/components/ui/input.tsx → 200 (8ms, 4936B)
[2026-04-01T01:41:55.528Z] GET http://localhost:5174/node_modules/.vite/deps/chunk-6WBQ3PW6.js?v=83ec516e → 200 (1ms, 1924B)
[2026-04-01T01:41:55.529Z] GET http://localhost:5174/node_modules/.vite/deps/chunk-U7P2NEEE.js?v=83ec516e → 200 (?ms, 626B)
[2026-04-01T01:41:55.529Z] GET http://localhost:5174/node_modules/.vite/deps/chunk-WQUZVXOW.js?v=83ec516e → 200 (?ms, 23566B)
[2026-04-01T01:41:55.529Z] GET http://localhost:5174/node_modules/.vite/deps/jspdf.js?v=83ec516e → 200 (?ms, 686710B)
[2026-04-01T01:41:55.529Z] GET http://localhost:5174/src/react-app/components/feedback/ExplanationChat.tsx?t=1775006991840 → 200 (25ms, 72787B)
[2026-04-01T01:41:55.529Z] GET http://localhost:5174/node_modules/.vite/deps/chunk-D7ZASVPN.js?v=83ec516e → 200 (?ms, 459B)
[2026-04-01T01:41:55.810Z] GET https://019c2e5b-2f20-7a1a-8266-2d41e0797564.mochausercontent.com/tutorzero-icon-square.png → 200 (11ms, 176731B)
[2026-04-01T01:41:55.810Z] GET https://019c2e5b-2f20-7a1a-8266-2d41e0797564.mochausercontent.com/tutorzero-wordmark-dark.png → 200 (11ms, 32917B)
[2026-04-01T01:42:03.382Z] GET http://localhost:5174/login → 200 (17ms, 2249B)
[2026-04-01T01:42:03.401Z] GET http://localhost:5174/@vite/client → 304 (2ms, ?B)
[2026-04-01T01:42:03.402Z] GET https://fonts.googleapis.com/css2?family=Inter:wght@400;500;600;700;800&display=swap → 200 (?ms, 12535B)
[2026-04-01T01:42:03.402Z] GET http://localhost:5174/src/react-app/main.tsx?t=1775007704427 → 304 (1ms, ?B)
[2026-04-01T01:42:03.403Z] GET http://localhost:5174/@react-refresh → 304 (3ms, ?B)
[2026-04-01T01:42:03.403Z] GET http://localhost:5174/node_modules/vite/dist/client/env.mjs → 304 (4ms, ?B)
[2026-04-01T01:42:03.403Z] GET http://localhost:5174/node_modules/.vite/deps/react_jsx-dev-runtime.js?v=83ec516e → 200 (?ms, 23490B)
[2026-04-01T01:42:03.404Z] GET http://localhost:5174/node_modules/.vite/deps/react.js?v=83ec516e → 200 (?ms, 1024B)
[2026-04-01T01:42:03.404Z] GET http://localhost:5174/node_modules/.vite/deps/react-dom_client.js?v=83ec516e → 200 (?ms, 892994B)
[2026-04-01T01:42:03.405Z] GET http://localhost:5174/src/react-app/index.css?t=1775007704427 → 304 (2ms, ?B)
[2026-04-01T01:42:03.405Z] GET http://localhost:5174/src/react-app/App.tsx?t=1775007704427 → 304 (2ms, ?B)
[2026-04-01T01:42:03.405Z] GET http://localhost:5174/node_modules/.vite/deps/chunk-FAXX4WQY.js?v=83ec516e → 200 (?ms, 53399B)
[2026-04-01T01:42:03.405Z] GET http://localhost:5174/node_modules/.vite/deps/chunk-G3PMV62Z.js?v=83ec516e → 200 (?ms, 7968B)
[2026-04-01T01:42:03.405Z] GET http://localhost:5174/node_modules/.vite/deps/chunk-F4NCUFXK.js?v=83ec516e → 200 (?ms, 16214B)
[2026-04-01T01:42:03.408Z] GET http://localhost:5174/node_modules/.vite/deps/react-router.js?v=83ec516e → 200 (?ms, 447255B)
[2026-04-01T01:42:03.408Z] GET http://localhost:5174/src/react-app/lib/AuthProvider.tsx → 304 (2ms, ?B)
[2026-04-01T01:42:03.408Z] GET http://localhost:5174/src/react-app/pages/Landing.tsx → 304 (20ms, ?B)
[2026-04-01T01:42:03.408Z] GET http://localhost:5174/src/react-app/pages/Login.tsx?t=1775007632383 → 304 (20ms, ?B)
[2026-04-01T01:42:03.408Z] GET http://localhost:5174/src/react-app/pages/AuthCallback.tsx → 304 (21ms, ?B)
[2026-04-01T01:42:03.408Z] GET http://localhost:5174/src/react-app/pages/DiagnosticIntro.tsx → 304 (21ms, ?B)
[2026-04-01T01:42:03.408Z] GET http://localhost:5174/src/react-app/pages/DiagnosticTest.tsx → 304 (21ms, ?B)
[2026-04-01T01:42:03.408Z] GET http://localhost:5174/src/react-app/pages/DiagnosticResults.tsx → 304 (22ms, ?B)
[2026-04-01T01:42:03.408Z] GET http://localhost:5174/src/react-app/pages/PracticeSetup.tsx → 304 (22ms, ?B)
[2026-04-01T01:42:03.408Z] GET http://localhost:5174/src/react-app/pages/Practice.tsx → 304 (22ms, ?B)
[2026-04-01T01:42:03.408Z] GET http://localhost:5174/src/react-app/pages/PracticeSummary.tsx?t=1775007005803 → 304 (22ms, ?B)
[2026-04-01T01:42:03.409Z] GET http://localhost:5174/src/react-app/pages/Dashboard.tsx?t=1775007677685 → 304 (21ms, ?B)
[2026-04-01T01:42:03.409Z] GET http://localhost:5174/src/react-app/pages/Welcome.tsx → 304 (31ms, ?B)
[2026-04-01T01:42:03.409Z] GET http://localhost:5174/src/react-app/pages/Onboarding.tsx → 304 (30ms, ?B)
[2026-04-01T01:42:03.409Z] GET http://localhost:5174/src/react-app/pages/Settings.tsx?t=1775006420095 → 304 (31ms, ?B)
[2026-04-01T01:42:03.409Z] GET http://localhost:5174/src/react-app/pages/AITutor.tsx?t=1775007677685 → 304 (31ms, ?B)
[2026-04-01T01:42:03.409Z] GET http://localhost:5174/src/react-app/pages/Progress.tsx?t=1775007677685 → 304 (32ms, ?B)
[2026-04-01T01:42:03.409Z] GET http://localhost:5174/src/react-app/pages/StudyPlan.tsx?t=1775007677685 → 304 (32ms, ?B)
[2026-04-01T01:42:03.410Z] GET http://localhost:5174/src/react-app/pages/Pricing.tsx?t=1775007704427 → 304 (30ms, ?B)
[2026-04-01T01:42:03.410Z] GET https://fonts.gstatic.com/s/inter/v20/UcC73FwrK3iLTeHuS_nVMrMxCp50SjIa1ZL7W0Q5nw.woff2 → 200 (?ms, ?B)
[2026-04-01T01:42:03.428Z] GET http://localhost:5174/src/react-app/lib/supabase.ts → 304 (14ms, ?B)
[2026-04-01T01:42:03.441Z] GET http://localhost:5174/src/react-app/components/ui/button.tsx → 304 (3ms, ?B)
[2026-04-01T01:42:03.441Z] GET http://localhost:5174/node_modules/.vite/deps/lucide-react.js?v=83ec516e → 200 (?ms, 894771B)
[2026-04-01T01:42:03.442Z] GET http://localhost:5174/src/react-app/components/Logo.tsx → 304 (2ms, ?B)
[2026-04-01T01:42:03.442Z] GET http://localhost:5174/src/data/questions.ts → 304 (2ms, ?B)
[2026-04-01T01:42:03.442Z] GET http://localhost:5174/src/react-app/lib/utils.ts → 304 (4ms, ?B)
[2026-04-01T01:42:03.442Z] GET http://localhost:5174/src/react-app/hooks/useStudentProgress.ts → 304 (4ms, ?B)
[2026-04-01T01:42:03.442Z] GET http://localhost:5174/src/react-app/components/question/QuestionCard.tsx → 304 (4ms, ?B)
[2026-04-01T01:42:03.443Z] GET http://localhost:5174/src/react-app/components/feedback/FeedbackCard.tsx?t=1775007005803 → 304 (3ms, ?B)
[2026-04-01T01:42:03.443Z] GET http://localhost:5174/src/react-app/components/layout/AppLayout.tsx?t=1775007677685 → 304 (3ms, ?B)
[2026-04-01T01:42:03.443Z] GET http://localhost:5174/src/react-app/components/ui/input.tsx → 304 (3ms, ?B)
[2026-04-01T01:42:03.443Z] GET http://localhost:5174/src/react-app/components/ui/ChatMarkdown.tsx?t=1775006976355 → 304 (4ms, ?B)
[2026-04-01T01:42:03.443Z] GET http://localhost:5174/src/react-app/lib/pdfExport.ts → 304 (4ms, ?B)
[2026-04-01T01:42:03.443Z] GET http://localhost:5174/node_modules/.vite/deps/@supabase_supabase-js.js?v=83ec516e → 200 (?ms, 531317B)
[2026-04-01T01:42:03.443Z] GET http://localhost:5174/node_modules/.vite/deps/chunk-6WBQ3PW6.js?v=83ec516e → 200 (?ms, 1924B)
[2026-04-01T01:42:03.444Z] GET http://localhost:5174/node_modules/.vite/deps/class-variance-authority.js?v=83ec516e → 200 (?ms, 2345B)
[2026-04-01T01:42:03.444Z] GET http://localhost:5174/node_modules/.vite/deps/radix-ui.js?v=83ec516e → 200 (?ms, 593707B)
[2026-04-01T01:42:03.444Z] GET http://localhost:5174/node_modules/.vite/deps/chunk-U7P2NEEE.js?v=83ec516e → 200 (?ms, 626B)
[2026-04-01T01:42:03.444Z] GET http://localhost:5174/node_modules/.vite/deps/chunk-WQUZVXOW.js?v=83ec516e → 200 (?ms, 23566B)
[2026-04-01T01:42:03.445Z] GET http://localhost:5174/src/data/questions-bank-math-algebra.ts → 304 (2ms, ?B)
[2026-04-01T01:42:03.445Z] GET http://localhost:5174/src/data/questions-bank-math-advanced.ts → 304 (2ms, ?B)
[2026-04-01T01:42:03.445Z] GET http://localhost:5174/src/data/questions-bank-math-problem-solving.ts → 304 (3ms, ?B)
[2026-04-01T01:42:03.445Z] GET http://localhost:5174/src/data/questions-bank-math-geometry.ts → 304 (3ms, ?B)
[2026-04-01T01:42:03.445Z] GET http://localhost:5174/src/data/questions-bank-rw-information.ts → 304 (3ms, ?B)
[2026-04-01T01:42:03.445Z] GET http://localhost:5174/src/data/questions-bank-rw-craft.ts → 304 (3ms, ?B)
[2026-04-01T01:42:03.445Z] GET http://localhost:5174/src/data/questions-bank-rw-expression.ts → 304 (3ms, ?B)
[2026-04-01T01:42:03.445Z] GET http://localhost:5174/src/data/questions-bank-rw-conventions.ts → 304 (3ms, ?B)
[2026-04-01T01:42:03.445Z] GET http://localhost:5174/src/data/questions-practice-test-4.ts → 304 (4ms, ?B)
[2026-04-01T01:42:03.445Z] GET http://localhost:5174/src/data/questions-practice-test-5.ts → 304 (4ms, ?B)
[2026-04-01T01:42:03.445Z] GET http://localhost:5174/src/data/questions-practice-test-6.ts → 304 (4ms, ?B)
[2026-04-01T01:42:03.445Z] GET http://localhost:5174/src/data/questions-practice-test-7.ts → 304 (4ms, ?B)
[2026-04-01T01:42:03.446Z] GET http://localhost:5174/src/data/questions-practice-test-8.ts → 304 (3ms, ?B)
[2026-04-01T01:42:03.446Z] GET http://localhost:5174/src/data/questions-practice-test-9.ts → 304 (3ms, ?B)
[2026-04-01T01:42:03.446Z] GET http://localhost:5174/src/data/questions-practice-test-10.ts → 304 (3ms, ?B)
[2026-04-01T01:42:03.446Z] GET http://localhost:5174/src/data/questions-practice-test-11.ts → 304 (4ms, ?B)
[2026-04-01T01:42:03.446Z] GET http://localhost:5174/node_modules/.vite/deps/clsx.js?v=83ec516e → 200 (?ms, 1157B)
[2026-04-01T01:42:03.446Z] GET http://localhost:5174/node_modules/.vite/deps/tailwind-merge.js?v=83ec516e → 200 (?ms, 99369B)
[2026-04-01T01:42:03.446Z] GET http://localhost:5174/src/react-app/components/feedback/ExplanationChat.tsx?t=1775006991840 → 304 (4ms, ?B)
[2026-04-01T01:42:03.447Z] GET http://localhost:5174/node_modules/.vite/deps/react-markdown.js?v=83ec516e → 200 (?ms, 351001B)
[2026-04-01T01:42:03.447Z] GET http://localhost:5174/node_modules/.vite/deps/jspdf.js?v=83ec516e → 200 (1ms, 686710B)
[2026-04-01T01:42:03.448Z] GET http://localhost:5174/node_modules/.vite/deps/chunk-D7ZASVPN.js?v=83ec516e → 200 (?ms, 459B)
[2026-04-01T01:42:03.538Z] GET https://019c2e5b-2f20-7a1a-8266-2d41e0797564.mochausercontent.com/tutorzero-wordmark-on-dark.png → 200 (?ms, 58416B)
